Archive member included to satisfy reference by file (symbol)

/usr/lib/gcc/avr/5.4.0/avr5/libgcc.a(_exit.o)
                              /usr/lib/gcc/avr/5.4.0/../../../avr/lib/avr5/crtatmega32u4.o (exit)
/usr/lib/gcc/avr/5.4.0/avr5/libgcc.a(_tablejump2.o)
                              lib/key-functions/private.o (__tablejump2__)
/usr/lib/gcc/avr/5.4.0/avr5/libgcc.a(_copy_data.o)
                              main.o (__do_copy_data)
/usr/lib/gcc/avr/5.4.0/avr5/libgcc.a(_clear_bss.o)
                              main.o (__do_clear_bss)

Allocating common symbols
Common symbol       size              file

main_loop_row       0x1               main.o
main_arg_any_non_trans_key_pressed
                    0x1               main.o
main_layers_pressed
                    0x54              main.o
consumer_key        0x2               lib-other/pjrc/usb_keyboard/usb_keyboard.o
main_arg_row        0x1               main.o
main_arg_layer      0x1               main.o
layers              0x3c              main.o
main_arg_was_pressed
                    0x1               main.o
main_arg_trans_key_pressed
                    0x1               main.o
main_arg_is_pressed
                    0x1               main.o
main_loop_col       0x1               main.o
main_arg_layer_offset
                    0x1               main.o
last_consumer_key   0x2               lib-other/pjrc/usb_keyboard/usb_keyboard.o
main_arg_col        0x1               main.o

Discarded input sections

 .data          0x0000000000000000        0x0 /usr/lib/gcc/avr/5.4.0/../../../avr/lib/avr5/crtatmega32u4.o
 .bss           0x0000000000000000        0x0 /usr/lib/gcc/avr/5.4.0/../../../avr/lib/avr5/crtatmega32u4.o
 .text          0x0000000000000000        0x0 main.o
 .data          0x0000000000000000        0x0 main.o
 .bss           0x0000000000000000        0x0 main.o
 .text          0x0000000000000000        0x0 keyboard/dactyl/controller.o
 .data          0x0000000000000000        0x0 keyboard/dactyl/controller.o
 .bss           0x0000000000000000        0x0 keyboard/dactyl/controller.o
 .text          0x0000000000000000        0x0 keyboard/dactyl/controller/teensy-2-0.o
 .data          0x0000000000000000        0x0 keyboard/dactyl/controller/teensy-2-0.o
 .bss           0x0000000000000000        0x0 keyboard/dactyl/controller/teensy-2-0.o
 .text          0x0000000000000000        0x0 keyboard/dactyl/controller/mcp23018.o
 .data          0x0000000000000000        0x0 keyboard/dactyl/controller/mcp23018.o
 .bss           0x0000000000000000        0x0 keyboard/dactyl/controller/mcp23018.o
 .text          0x0000000000000000        0x0 keyboard/dactyl/layout/qwerty-kinesis-mod.o
 .data          0x0000000000000000        0x0 keyboard/dactyl/layout/qwerty-kinesis-mod.o
 .bss           0x0000000000000000        0x0 keyboard/dactyl/layout/qwerty-kinesis-mod.o
 .text          0x0000000000000000        0x0 lib/twi/teensy-2-0.o
 .data          0x0000000000000000        0x0 lib/twi/teensy-2-0.o
 .bss           0x0000000000000000        0x0 lib/twi/teensy-2-0.o
 .text          0x0000000000000000        0x0 lib/key-functions/private.o
 .data          0x0000000000000000        0x0 lib/key-functions/private.o
 .bss           0x0000000000000000        0x0 lib/key-functions/private.o
 .text._kbfun_mediakey_press_release
                0x0000000000000000       0x36 lib/key-functions/private.o
 .rodata._media_code_lookup_table
                0x0000000000000000        0xe lib/key-functions/private.o
 .text          0x0000000000000000        0x0 lib/usb/TODO.o
 .data          0x0000000000000000        0x0 lib/usb/TODO.o
 .bss           0x0000000000000000        0x0 lib/usb/TODO.o
 .comment       0x0000000000000000       0x12 lib/usb/TODO.o
 .text          0x0000000000000000        0x0 lib/key-functions/public/basic.o
 .data          0x0000000000000000        0x0 lib/key-functions/public/basic.o
 .bss           0x0000000000000000        0x0 lib/key-functions/public/basic.o
 .text.layer_toggle
                0x0000000000000000       0x14 lib/key-functions/public/basic.o
 .text.layer_sticky
                0x0000000000000000       0xc8 lib/key-functions/public/basic.o
 .text.kbfun_layer_sticky_1
                0x0000000000000000        0x6 lib/key-functions/public/basic.o
 .text.kbfun_layer_toggle_1
                0x0000000000000000        0x6 lib/key-functions/public/basic.o
 .text.kbfun_layer_sticky_2
                0x0000000000000000        0x6 lib/key-functions/public/basic.o
 .text.kbfun_layer_toggle_2
                0x0000000000000000        0x6 lib/key-functions/public/basic.o
 .text.kbfun_layer_sticky_3
                0x0000000000000000        0x6 lib/key-functions/public/basic.o
 .text.kbfun_layer_toggle_3
                0x0000000000000000        0x6 lib/key-functions/public/basic.o
 .text.kbfun_layer_sticky_4
                0x0000000000000000        0x6 lib/key-functions/public/basic.o
 .text.kbfun_layer_toggle_4
                0x0000000000000000        0x6 lib/key-functions/public/basic.o
 .text.kbfun_layer_sticky_5
                0x0000000000000000        0x6 lib/key-functions/public/basic.o
 .text.kbfun_layer_toggle_5
                0x0000000000000000        0x6 lib/key-functions/public/basic.o
 .text.kbfun_layer_sticky_6
                0x0000000000000000        0x6 lib/key-functions/public/basic.o
 .text.kbfun_layer_toggle_6
                0x0000000000000000        0x6 lib/key-functions/public/basic.o
 .text.kbfun_layer_sticky_7
                0x0000000000000000        0x6 lib/key-functions/public/basic.o
 .text.kbfun_layer_toggle_7
                0x0000000000000000        0x6 lib/key-functions/public/basic.o
 .text.kbfun_layer_sticky_8
                0x0000000000000000        0x6 lib/key-functions/public/basic.o
 .text.kbfun_layer_toggle_8
                0x0000000000000000        0x6 lib/key-functions/public/basic.o
 .text.kbfun_layer_sticky_9
                0x0000000000000000        0x6 lib/key-functions/public/basic.o
 .text.kbfun_layer_toggle_9
                0x0000000000000000        0x6 lib/key-functions/public/basic.o
 .text.kbfun_layer_sticky_10
                0x0000000000000000        0x6 lib/key-functions/public/basic.o
 .text.kbfun_layer_toggle_10
                0x0000000000000000        0x6 lib/key-functions/public/basic.o
 .text          0x0000000000000000        0x0 lib/key-functions/public/special.o
 .data          0x0000000000000000        0x0 lib/key-functions/public/special.o
 .bss           0x0000000000000000        0x0 lib/key-functions/public/special.o
 .text.kbfun_mediakey_press_release
                0x0000000000000000       0x30 lib/key-functions/public/special.o
 .text          0x0000000000000000        0x0 lib/key-functions/public/device.o
 .data          0x0000000000000000        0x0 lib/key-functions/public/device.o
 .bss           0x0000000000000000        0x0 lib/key-functions/public/device.o
 .text          0x0000000000000000        0x0 lib-other/pjrc/usb_keyboard/usb_keyboard.o
 .data          0x0000000000000000        0x0 lib-other/pjrc/usb_keyboard/usb_keyboard.o
 .bss           0x0000000000000000        0x0 lib-other/pjrc/usb_keyboard/usb_keyboard.o
 .text.usb_keyboard_press
                0x0000000000000000       0x1e lib-other/pjrc/usb_keyboard/usb_keyboard.o
 .text          0x0000000000000000        0x0 /usr/lib/gcc/avr/5.4.0/avr5/libgcc.a(_exit.o)
 .data          0x0000000000000000        0x0 /usr/lib/gcc/avr/5.4.0/avr5/libgcc.a(_exit.o)
 .bss           0x0000000000000000        0x0 /usr/lib/gcc/avr/5.4.0/avr5/libgcc.a(_exit.o)
 .text.libgcc.mul
                0x0000000000000000        0x0 /usr/lib/gcc/avr/5.4.0/avr5/libgcc.a(_exit.o)
 .text.libgcc.div
                0x0000000000000000        0x0 /usr/lib/gcc/avr/5.4.0/avr5/libgcc.a(_exit.o)
 .text.libgcc   0x0000000000000000        0x0 /usr/lib/gcc/avr/5.4.0/avr5/libgcc.a(_exit.o)
 .text.libgcc.prologue
                0x0000000000000000        0x0 /usr/lib/gcc/avr/5.4.0/avr5/libgcc.a(_exit.o)
 .text.libgcc.builtins
                0x0000000000000000        0x0 /usr/lib/gcc/avr/5.4.0/avr5/libgcc.a(_exit.o)
 .text.libgcc.fmul
                0x0000000000000000        0x0 /usr/lib/gcc/avr/5.4.0/avr5/libgcc.a(_exit.o)
 .text.libgcc.fixed
                0x0000000000000000        0x0 /usr/lib/gcc/avr/5.4.0/avr5/libgcc.a(_exit.o)
 .text          0x0000000000000000        0x0 /usr/lib/gcc/avr/5.4.0/avr5/libgcc.a(_tablejump2.o)
 .data          0x0000000000000000        0x0 /usr/lib/gcc/avr/5.4.0/avr5/libgcc.a(_tablejump2.o)
 .bss           0x0000000000000000        0x0 /usr/lib/gcc/avr/5.4.0/avr5/libgcc.a(_tablejump2.o)
 .text.libgcc.mul
                0x0000000000000000        0x0 /usr/lib/gcc/avr/5.4.0/avr5/libgcc.a(_tablejump2.o)
 .text.libgcc.div
                0x0000000000000000        0x0 /usr/lib/gcc/avr/5.4.0/avr5/libgcc.a(_tablejump2.o)
 .text.libgcc.prologue
                0x0000000000000000        0x0 /usr/lib/gcc/avr/5.4.0/avr5/libgcc.a(_tablejump2.o)
 .text.libgcc.builtins
                0x0000000000000000        0x0 /usr/lib/gcc/avr/5.4.0/avr5/libgcc.a(_tablejump2.o)
 .text.libgcc.fmul
                0x0000000000000000        0x0 /usr/lib/gcc/avr/5.4.0/avr5/libgcc.a(_tablejump2.o)
 .text.libgcc.fixed
                0x0000000000000000        0x0 /usr/lib/gcc/avr/5.4.0/avr5/libgcc.a(_tablejump2.o)
 .text          0x0000000000000000        0x0 /usr/lib/gcc/avr/5.4.0/avr5/libgcc.a(_copy_data.o)
 .data          0x0000000000000000        0x0 /usr/lib/gcc/avr/5.4.0/avr5/libgcc.a(_copy_data.o)
 .bss           0x0000000000000000        0x0 /usr/lib/gcc/avr/5.4.0/avr5/libgcc.a(_copy_data.o)
 .text.libgcc.mul
                0x0000000000000000        0x0 /usr/lib/gcc/avr/5.4.0/avr5/libgcc.a(_copy_data.o)
 .text.libgcc.div
                0x0000000000000000        0x0 /usr/lib/gcc/avr/5.4.0/avr5/libgcc.a(_copy_data.o)
 .text.libgcc   0x0000000000000000        0x0 /usr/lib/gcc/avr/5.4.0/avr5/libgcc.a(_copy_data.o)
 .text.libgcc.prologue
                0x0000000000000000        0x0 /usr/lib/gcc/avr/5.4.0/avr5/libgcc.a(_copy_data.o)
 .text.libgcc.builtins
                0x0000000000000000        0x0 /usr/lib/gcc/avr/5.4.0/avr5/libgcc.a(_copy_data.o)
 .text.libgcc.fmul
                0x0000000000000000        0x0 /usr/lib/gcc/avr/5.4.0/avr5/libgcc.a(_copy_data.o)
 .text.libgcc.fixed
                0x0000000000000000        0x0 /usr/lib/gcc/avr/5.4.0/avr5/libgcc.a(_copy_data.o)
 .text          0x0000000000000000        0x0 /usr/lib/gcc/avr/5.4.0/avr5/libgcc.a(_clear_bss.o)
 .data          0x0000000000000000        0x0 /usr/lib/gcc/avr/5.4.0/avr5/libgcc.a(_clear_bss.o)
 .bss           0x0000000000000000        0x0 /usr/lib/gcc/avr/5.4.0/avr5/libgcc.a(_clear_bss.o)
 .text.libgcc.mul
                0x0000000000000000        0x0 /usr/lib/gcc/avr/5.4.0/avr5/libgcc.a(_clear_bss.o)
 .text.libgcc.div
                0x0000000000000000        0x0 /usr/lib/gcc/avr/5.4.0/avr5/libgcc.a(_clear_bss.o)
 .text.libgcc   0x0000000000000000        0x0 /usr/lib/gcc/avr/5.4.0/avr5/libgcc.a(_clear_bss.o)
 .text.libgcc.prologue
                0x0000000000000000        0x0 /usr/lib/gcc/avr/5.4.0/avr5/libgcc.a(_clear_bss.o)
 .text.libgcc.builtins
                0x0000000000000000        0x0 /usr/lib/gcc/avr/5.4.0/avr5/libgcc.a(_clear_bss.o)
 .text.libgcc.fmul
                0x0000000000000000        0x0 /usr/lib/gcc/avr/5.4.0/avr5/libgcc.a(_clear_bss.o)
 .text.libgcc.fixed
                0x0000000000000000        0x0 /usr/lib/gcc/avr/5.4.0/avr5/libgcc.a(_clear_bss.o)

Memory Configuration

Name             Origin             Length             Attributes
text             0x0000000000000000 0x0000000000020000 xr
data             0x0000000000800060 0x000000000000ffa0 rw !x
eeprom           0x0000000000810000 0x0000000000010000 rw !x
fuse             0x0000000000820000 0x0000000000000003 rw !x
lock             0x0000000000830000 0x0000000000000400 rw !x
signature        0x0000000000840000 0x0000000000000400 rw !x
user_signatures  0x0000000000850000 0x0000000000000400 rw !x
*default*        0x0000000000000000 0xffffffffffffffff

Linker script and memory map

Address of section .data set to 0x800100
LOAD /usr/lib/gcc/avr/5.4.0/../../../avr/lib/avr5/crtatmega32u4.o
LOAD main.o
LOAD keyboard/dactyl/controller.o
LOAD keyboard/dactyl/controller/teensy-2-0.o
LOAD keyboard/dactyl/controller/mcp23018.o
LOAD keyboard/dactyl/layout/qwerty-kinesis-mod.o
LOAD lib/twi/teensy-2-0.o
LOAD lib/key-functions/private.o
LOAD lib/usb/TODO.o
LOAD lib/key-functions/public/basic.o
LOAD lib/key-functions/public/special.o
LOAD lib/key-functions/public/device.o
LOAD lib-other/pjrc/usb_keyboard/usb_keyboard.o
START GROUP
LOAD /usr/lib/gcc/avr/5.4.0/avr5/libgcc.a
LOAD /usr/lib/gcc/avr/5.4.0/../../../avr/lib/avr5/libm.a
LOAD /usr/lib/gcc/avr/5.4.0/../../../avr/lib/avr5/libc.a
LOAD /usr/lib/gcc/avr/5.4.0/../../../avr/lib/avr5/libatmega32u4.a
END GROUP
                0x0000000000020000                __TEXT_REGION_LENGTH__ = DEFINED (__TEXT_REGION_LENGTH__)?__TEXT_REGION_LENGTH__:0x20000
                0x000000000000ffa0                __DATA_REGION_LENGTH__ = DEFINED (__DATA_REGION_LENGTH__)?__DATA_REGION_LENGTH__:0xffa0
                0x0000000000010000                __EEPROM_REGION_LENGTH__ = DEFINED (__EEPROM_REGION_LENGTH__)?__EEPROM_REGION_LENGTH__:0x10000
                [0x0000000000000003]                __FUSE_REGION_LENGTH__ = DEFINED (__FUSE_REGION_LENGTH__)?__FUSE_REGION_LENGTH__:0x400
                0x0000000000000400                __LOCK_REGION_LENGTH__ = DEFINED (__LOCK_REGION_LENGTH__)?__LOCK_REGION_LENGTH__:0x400
                0x0000000000000400                __SIGNATURE_REGION_LENGTH__ = DEFINED (__SIGNATURE_REGION_LENGTH__)?__SIGNATURE_REGION_LENGTH__:0x400
                0x0000000000000400                __USER_SIGNATURE_REGION_LENGTH__ = DEFINED (__USER_SIGNATURE_REGION_LENGTH__)?__USER_SIGNATURE_REGION_LENGTH__:0x400

.hash
 *(.hash)

.dynsym
 *(.dynsym)

.dynstr
 *(.dynstr)

.gnu.version
 *(.gnu.version)

.gnu.version_d
 *(.gnu.version_d)

.gnu.version_r
 *(.gnu.version_r)

.rel.init
 *(.rel.init)

.rela.init
 *(.rela.init)

.rel.text
 *(.rel.text)
 *(.rel.text.*)
 *(.rel.gnu.linkonce.t*)

.rela.text
 *(.rela.text)
 *(.rela.text.*)
 *(.rela.gnu.linkonce.t*)

.rel.fini
 *(.rel.fini)

.rela.fini
 *(.rela.fini)

.rel.rodata
 *(.rel.rodata)
 *(.rel.rodata.*)
 *(.rel.gnu.linkonce.r*)

.rela.rodata
 *(.rela.rodata)
 *(.rela.rodata.*)
 *(.rela.gnu.linkonce.r*)

.rel.data
 *(.rel.data)
 *(.rel.data.*)
 *(.rel.gnu.linkonce.d*)

.rela.data
 *(.rela.data)
 *(.rela.data.*)
 *(.rela.gnu.linkonce.d*)

.rel.ctors
 *(.rel.ctors)

.rela.ctors
 *(.rela.ctors)

.rel.dtors
 *(.rel.dtors)

.rela.dtors
 *(.rela.dtors)

.rel.got
 *(.rel.got)

.rela.got
 *(.rela.got)

.rel.bss
 *(.rel.bss)

.rela.bss
 *(.rela.bss)

.rel.plt
 *(.rel.plt)

.rela.plt
 *(.rela.plt)

.text           0x0000000000000000     0x26e8
 *(.vectors)
 .vectors       0x0000000000000000       0xac /usr/lib/gcc/avr/5.4.0/../../../avr/lib/avr5/crtatmega32u4.o
                0x0000000000000000                __vectors
                0x0000000000000000                __vector_default
 *(.vectors)
 *(.progmem.gcc*)
 .progmem.gcc_sw_table._kbfun_press_release
                0x00000000000000ac       0x10 lib/key-functions/private.o
 .progmem.gcc_sw_table._kbfun_is_pressed
                0x00000000000000bc       0x10 lib/key-functions/private.o
                0x00000000000000cc                . = ALIGN (0x2)
                0x00000000000000cc                __trampolines_start = .
 *(.trampolines)
 .trampolines   0x00000000000000cc        0x0 linker stubs
 *(.trampolines*)
                0x00000000000000cc                __trampolines_end = .
 *libprintf_flt.a:*(.progmem.data)
 *libc.a:*(.progmem.data)
 *(.progmem*)
 .progmem.data._kb_layout_release
                0x00000000000000cc      0x690 keyboard/dactyl/layout/qwerty-kinesis-mod.o
                0x00000000000000cc                _kb_layout_release
 .progmem.data._kb_layout_press
                0x000000000000075c      0x690 keyboard/dactyl/layout/qwerty-kinesis-mod.o
                0x000000000000075c                _kb_layout_press
 .progmem.data._kb_layout
                0x0000000000000dec      0x348 keyboard/dactyl/layout/qwerty-kinesis-mod.o
                0x0000000000000dec                _kb_layout
 .progmem.data.descriptor_list
                0x0000000000001134       0x3f lib-other/pjrc/usb_keyboard/usb_keyboard.o
 .progmem.data.string2
                0x0000000000001173       0x38 lib-other/pjrc/usb_keyboard/usb_keyboard.o
 .progmem.data.string1
                0x00000000000011ab       0x1a lib-other/pjrc/usb_keyboard/usb_keyboard.o
 .progmem.data.string0
                0x00000000000011c5        0x4 lib-other/pjrc/usb_keyboard/usb_keyboard.o
 .progmem.data.config1_descriptor
                0x00000000000011c9       0x3b lib-other/pjrc/usb_keyboard/usb_keyboard.o
 .progmem.data.extra_hid_report_desc
                0x0000000000001204       0x19 lib-other/pjrc/usb_keyboard/usb_keyboard.o
 .progmem.data.keyboard_hid_report_desc
                0x000000000000121d       0x3f lib-other/pjrc/usb_keyboard/usb_keyboard.o
 .progmem.data.device_descriptor
                0x000000000000125c       0x12 lib-other/pjrc/usb_keyboard/usb_keyboard.o
 .progmem.data.endpoint_config_table
                0x000000000000126e        0x7 lib-other/pjrc/usb_keyboard/usb_keyboard.o
                0x0000000000001276                . = ALIGN (0x2)
 *fill*         0x0000000000001275        0x1 
 *(.jumptables)
 *(.jumptables*)
 *(.lowtext)
 *(.lowtext*)
                0x0000000000001276                __ctors_start = .
 *(.ctors)
                0x0000000000001276                __ctors_end = .
                0x0000000000001276                __dtors_start = .
 *(.dtors)
                0x0000000000001276                __dtors_end = .
 SORT(*)(.ctors)
 SORT(*)(.dtors)
 *(.init0)
 .init0         0x0000000000001276        0x0 /usr/lib/gcc/avr/5.4.0/../../../avr/lib/avr5/crtatmega32u4.o
                0x0000000000001276                __init
 *(.init0)
 *(.init1)
 *(.init1)
 *(.init2)
 .init2         0x0000000000001276        0xc /usr/lib/gcc/avr/5.4.0/../../../avr/lib/avr5/crtatmega32u4.o
 *(.init2)
 *(.init3)
 *(.init3)
 *(.init4)
 .init4         0x0000000000001282       0x16 /usr/lib/gcc/avr/5.4.0/avr5/libgcc.a(_copy_data.o)
                0x0000000000001282                __do_copy_data
 .init4         0x0000000000001298       0x10 /usr/lib/gcc/avr/5.4.0/avr5/libgcc.a(_clear_bss.o)
                0x0000000000001298                __do_clear_bss
 *(.init4)
 *(.init5)
 *(.init5)
 *(.init6)
 *(.init6)
 *(.init7)
 *(.init7)
 *(.init8)
 *(.init8)
 *(.init9)
 .init9         0x00000000000012a8        0x6 /usr/lib/gcc/avr/5.4.0/../../../avr/lib/avr5/crtatmega32u4.o
 *(.init9)
 *(.text)
 .text          0x00000000000012ae        0x4 /usr/lib/gcc/avr/5.4.0/../../../avr/lib/avr5/crtatmega32u4.o
                0x00000000000012ae                __vector_38
                0x00000000000012ae                __vector_22
                0x00000000000012ae                __vector_28
                0x00000000000012ae                __vector_1
                0x00000000000012ae                __vector_32
                0x00000000000012ae                __vector_34
                0x00000000000012ae                __vector_24
                0x00000000000012ae                __vector_12
                0x00000000000012ae                __bad_interrupt
                0x00000000000012ae                __vector_6
                0x00000000000012ae                __vector_31
                0x00000000000012ae                __vector_35
                0x00000000000012ae                __vector_39
                0x00000000000012ae                __vector_3
                0x00000000000012ae                __vector_23
                0x00000000000012ae                __vector_30
                0x00000000000012ae                __vector_25
                0x00000000000012ae                __vector_13
                0x00000000000012ae                __vector_17
                0x00000000000012ae                __vector_19
                0x00000000000012ae                __vector_7
                0x00000000000012ae                __vector_41
                0x00000000000012ae                __vector_27
                0x00000000000012ae                __vector_5
                0x00000000000012ae                __vector_33
                0x00000000000012ae                __vector_37
                0x00000000000012ae                __vector_4
                0x00000000000012ae                __vector_9
                0x00000000000012ae                __vector_2
                0x00000000000012ae                __vector_21
                0x00000000000012ae                __vector_15
                0x00000000000012ae                __vector_36
                0x00000000000012ae                __vector_29
                0x00000000000012ae                __vector_40
                0x00000000000012ae                __vector_8
                0x00000000000012ae                __vector_26
                0x00000000000012ae                __vector_14
                0x00000000000012ae                __vector_16
                0x00000000000012ae                __vector_18
                0x00000000000012ae                __vector_20
                0x00000000000012ae                __vector_42
                0x00000000000012b2                . = ALIGN (0x2)
 *(.text.*)
 .text.main_layers_peek
                0x00000000000012b2       0x2a main.o
                0x00000000000012b2                main_layers_peek
 .text.main_layers_peek_sticky
                0x00000000000012dc       0x2a main.o
                0x00000000000012dc                main_layers_peek_sticky
 .text.main_layers_push
                0x0000000000001306       0x4a main.o
                0x0000000000001306                main_layers_push
 .text.main_layers_pop_id
                0x0000000000001350       0x8c main.o
                0x0000000000001350                main_layers_pop_id
 .text.main_exec_key
                0x00000000000013dc       0x86 main.o
                0x00000000000013dc                main_exec_key
 .text.startup.main
                0x0000000000001462      0x1da main.o
                0x0000000000001462                main
 .text.kb_init  0x000000000000163c       0x16 keyboard/dactyl/controller.o
                0x000000000000163c                kb_init
 .text.kb_update_matrix
                0x0000000000001652       0x20 keyboard/dactyl/controller.o
                0x0000000000001652                kb_update_matrix
 .text.teensy_init
                0x0000000000001672      0x192 keyboard/dactyl/controller/teensy-2-0.o
                0x0000000000001672                teensy_init
 .text.teensy_update_matrix
                0x0000000000001804      0x268 keyboard/dactyl/controller/teensy-2-0.o
                0x0000000000001804                teensy_update_matrix
 .text.mcp23018_init
                0x0000000000001a6c       0x56 keyboard/dactyl/controller/mcp23018.o
                0x0000000000001a6c                mcp23018_init
 .text.mcp23018_update_matrix
                0x0000000000001ac2       0xec keyboard/dactyl/controller/mcp23018.o
                0x0000000000001ac2                mcp23018_update_matrix
 .text.twi_init
                0x0000000000001bae       0x12 lib/twi/teensy-2-0.o
                0x0000000000001bae                twi_init
 .text.twi_start
                0x0000000000001bc0       0x2e lib/twi/teensy-2-0.o
                0x0000000000001bc0                twi_start
 .text.twi_stop
                0x0000000000001bee       0x10 lib/twi/teensy-2-0.o
                0x0000000000001bee                twi_stop
 .text.twi_send
                0x0000000000001bfe       0x3c lib/twi/teensy-2-0.o
                0x0000000000001bfe                twi_send
 .text.twi_read
                0x0000000000001c3a       0x2c lib/twi/teensy-2-0.o
                0x0000000000001c3a                twi_read
 .text._kbfun_press_release
                0x0000000000001c66       0xbe lib/key-functions/private.o
                0x0000000000001c66                _kbfun_press_release
 .text._kbfun_is_pressed
                0x0000000000001d24       0x54 lib/key-functions/private.o
                0x0000000000001d24                _kbfun_is_pressed
 .text.layer_pop
                0x0000000000001d78       0x1c lib/key-functions/public/basic.o
 .text.layer_push
                0x0000000000001d94       0x58 lib/key-functions/public/basic.o
 .text.kbfun_press_release_preserve_sticky
                0x0000000000001dec       0x2e lib/key-functions/public/basic.o
                0x0000000000001dec                kbfun_press_release_preserve_sticky
 .text.kbfun_press_release
                0x0000000000001e1a       0x10 lib/key-functions/public/basic.o
                0x0000000000001e1a                kbfun_press_release
 .text.kbfun_toggle
                0x0000000000001e2a       0x3e lib/key-functions/public/basic.o
                0x0000000000001e2a                kbfun_toggle
 .text.kbfun_transparent
                0x0000000000001e68       0x32 lib/key-functions/public/basic.o
                0x0000000000001e68                kbfun_transparent
 .text.kbfun_layer_push_1
                0x0000000000001e9a        0x4 lib/key-functions/public/basic.o
                0x0000000000001e9a                kbfun_layer_push_1
 .text.kbfun_layer_pop_1
                0x0000000000001e9e        0x4 lib/key-functions/public/basic.o
                0x0000000000001e9e                kbfun_layer_pop_1
 .text.kbfun_layer_push_2
                0x0000000000001ea2        0x4 lib/key-functions/public/basic.o
                0x0000000000001ea2                kbfun_layer_push_2
 .text.kbfun_layer_pop_2
                0x0000000000001ea6        0x4 lib/key-functions/public/basic.o
                0x0000000000001ea6                kbfun_layer_pop_2
 .text.kbfun_layer_push_3
                0x0000000000001eaa        0x4 lib/key-functions/public/basic.o
                0x0000000000001eaa                kbfun_layer_push_3
 .text.kbfun_layer_pop_3
                0x0000000000001eae        0x4 lib/key-functions/public/basic.o
                0x0000000000001eae                kbfun_layer_pop_3
 .text.kbfun_layer_push_4
                0x0000000000001eb2        0x4 lib/key-functions/public/basic.o
                0x0000000000001eb2                kbfun_layer_push_4
 .text.kbfun_layer_pop_4
                0x0000000000001eb6        0x4 lib/key-functions/public/basic.o
                0x0000000000001eb6                kbfun_layer_pop_4
 .text.kbfun_layer_push_5
                0x0000000000001eba        0x4 lib/key-functions/public/basic.o
                0x0000000000001eba                kbfun_layer_push_5
 .text.kbfun_layer_pop_5
                0x0000000000001ebe        0x4 lib/key-functions/public/basic.o
                0x0000000000001ebe                kbfun_layer_pop_5
 .text.kbfun_layer_push_6
                0x0000000000001ec2        0x4 lib/key-functions/public/basic.o
                0x0000000000001ec2                kbfun_layer_push_6
 .text.kbfun_layer_pop_6
                0x0000000000001ec6        0x4 lib/key-functions/public/basic.o
                0x0000000000001ec6                kbfun_layer_pop_6
 .text.kbfun_layer_push_7
                0x0000000000001eca        0x4 lib/key-functions/public/basic.o
                0x0000000000001eca                kbfun_layer_push_7
 .text.kbfun_layer_pop_7
                0x0000000000001ece        0x4 lib/key-functions/public/basic.o
                0x0000000000001ece                kbfun_layer_pop_7
 .text.kbfun_layer_push_8
                0x0000000000001ed2        0x4 lib/key-functions/public/basic.o
                0x0000000000001ed2                kbfun_layer_push_8
 .text.kbfun_layer_pop_8
                0x0000000000001ed6        0x4 lib/key-functions/public/basic.o
                0x0000000000001ed6                kbfun_layer_pop_8
 .text.kbfun_layer_push_9
                0x0000000000001eda        0x4 lib/key-functions/public/basic.o
                0x0000000000001eda                kbfun_layer_push_9
 .text.kbfun_layer_pop_9
                0x0000000000001ede        0x4 lib/key-functions/public/basic.o
                0x0000000000001ede                kbfun_layer_pop_9
 .text.kbfun_layer_push_10
                0x0000000000001ee2        0x4 lib/key-functions/public/basic.o
                0x0000000000001ee2                kbfun_layer_push_10
 .text.kbfun_layer_pop_10
                0x0000000000001ee6        0x4 lib/key-functions/public/basic.o
                0x0000000000001ee6                kbfun_layer_pop_10
 .text.numpad_toggle_numlock
                0x0000000000001eea       0x10 lib/key-functions/public/special.o
 .text.kb_send_altcode
                0x0000000000001efa       0x4a lib/key-functions/public/special.o
                0x0000000000001efa                kb_send_altcode
 .text.kb_send_de_ae
                0x0000000000001f44       0x38 lib/key-functions/public/special.o
                0x0000000000001f44                kb_send_de_ae
 .text.kb_send_de_Ae
                0x0000000000001f7c       0x38 lib/key-functions/public/special.o
                0x0000000000001f7c                kb_send_de_Ae
 .text.kb_send_de_oe
                0x0000000000001fb4       0x38 lib/key-functions/public/special.o
                0x0000000000001fb4                kb_send_de_oe
 .text.kb_send_de_Oe
                0x0000000000001fec       0x38 lib/key-functions/public/special.o
                0x0000000000001fec                kb_send_de_Oe
 .text.kb_send_de_ss
                0x0000000000002024       0x38 lib/key-functions/public/special.o
                0x0000000000002024                kb_send_de_ss
 .text.kb_send_de_ue
                0x000000000000205c       0x38 lib/key-functions/public/special.o
                0x000000000000205c                kb_send_de_ue
 .text.kb_send_de_Ue
                0x0000000000002094       0x38 lib/key-functions/public/special.o
                0x0000000000002094                kb_send_de_Ue
 .text.kbfun_shift_press_release
                0x00000000000020cc        0xa lib/key-functions/public/special.o
                0x00000000000020cc                kbfun_shift_press_release
 .text.kbfun_2_keys_capslock_press_release
                0x00000000000020d6       0xa8 lib/key-functions/public/special.o
                0x00000000000020d6                kbfun_2_keys_capslock_press_release
 .text.kbfun_layer_push_numpad
                0x000000000000217e       0x3e lib/key-functions/public/special.o
                0x000000000000217e                kbfun_layer_push_numpad
 .text.kbfun_layer_pop_numpad
                0x00000000000021bc        0xc lib/key-functions/public/special.o
                0x00000000000021bc                kbfun_layer_pop_numpad
 .text.kbfun_jump_to_bootloader
                0x00000000000021c8       0x64 lib/key-functions/public/device.o
                0x00000000000021c8                kbfun_jump_to_bootloader
 .text.usb_wait_in_ready
                0x000000000000222c        0xa lib-other/pjrc/usb_keyboard/usb_keyboard.o
 .text.usb_init
                0x0000000000002236       0x2e lib-other/pjrc/usb_keyboard/usb_keyboard.o
                0x0000000000002236                usb_init
 .text.usb_configured
                0x0000000000002264        0x6 lib-other/pjrc/usb_keyboard/usb_keyboard.o
                0x0000000000002264                usb_configured
 .text.usb_keyboard_send
                0x000000000000226a       0x70 lib-other/pjrc/usb_keyboard/usb_keyboard.o
                0x000000000000226a                usb_keyboard_send
 .text.__vector_10
                0x00000000000022da       0xb8 lib-other/pjrc/usb_keyboard/usb_keyboard.o
                0x00000000000022da                __vector_10
 .text.__vector_11
                0x0000000000002392      0x2b0 lib-other/pjrc/usb_keyboard/usb_keyboard.o
                0x0000000000002392                __vector_11
 .text.usb_extra_send
                0x0000000000002642       0x5a lib-other/pjrc/usb_keyboard/usb_keyboard.o
                0x0000000000002642                usb_extra_send
 .text.usb_extra_consumer_send
                0x000000000000269c       0x3c lib-other/pjrc/usb_keyboard/usb_keyboard.o
                0x000000000000269c                usb_extra_consumer_send
 .text.libgcc   0x00000000000026d8        0xc /usr/lib/gcc/avr/5.4.0/avr5/libgcc.a(_tablejump2.o)
                0x00000000000026d8                __tablejump2__
                0x00000000000026e4                . = ALIGN (0x2)
 *(.fini9)
 .fini9         0x00000000000026e4        0x0 /usr/lib/gcc/avr/5.4.0/avr5/libgcc.a(_exit.o)
                0x00000000000026e4                exit
                0x00000000000026e4                _exit
 *(.fini9)
 *(.fini8)
 *(.fini8)
 *(.fini7)
 *(.fini7)
 *(.fini6)
 *(.fini6)
 *(.fini5)
 *(.fini5)
 *(.fini4)
 *(.fini4)
 *(.fini3)
 *(.fini3)
 *(.fini2)
 *(.fini2)
 *(.fini1)
 *(.fini1)
 *(.fini0)
 .fini0         0x00000000000026e4        0x4 /usr/lib/gcc/avr/5.4.0/avr5/libgcc.a(_exit.o)
 *(.fini0)
                0x00000000000026e8                _etext = .

.data           0x0000000000800100       0x36 load address 0x00000000000026e8
                0x0000000000800100                PROVIDE (__data_start, .)
 *(.data)
 *(.data*)
 .data.layers_ids_in_use
                0x0000000000800100       0x14 main.o
                0x0000000000800100                layers_ids_in_use
 .data.main_kb_was_pressed
                0x0000000000800114        0x2 main.o
                0x0000000000800114                main_kb_was_pressed
 .data.main_kb_is_pressed
                0x0000000000800116        0x2 main.o
                0x0000000000800116                main_kb_is_pressed
 .data.keyboard_idle_config
                0x0000000000800118        0x1 lib-other/pjrc/usb_keyboard/usb_keyboard.o
 .data.keyboard_protocol
                0x0000000000800119        0x1 lib-other/pjrc/usb_keyboard/usb_keyboard.o
 *(.rodata)
 .rodata        0x000000000080011a       0x1c lib/key-functions/public/special.o
 *(.rodata*)
 *(.gnu.linkonce.d*)
                0x0000000000800136                . = ALIGN (0x2)
                0x0000000000800136                _edata = .
                0x0000000000800136                PROVIDE (__data_end, .)

.bss            0x0000000000800136      0x1b5
                0x0000000000800136                PROVIDE (__bss_start, .)
 *(.bss)
 *(.bss*)
 .bss.layers_head
                0x0000000000800136        0x1 main.o
                0x0000000000800136                layers_head
 .bss.main_kb_was_transparent
                0x0000000000800137       0x54 main.o
 .bss._main_kb_was_pressed
                0x000000000080018b       0x54 main.o
 .bss._main_kb_is_pressed
                0x00000000008001df       0x54 main.o
 .bss.layer_ids
                0x0000000000800233        0xb lib/key-functions/public/basic.o
 .bss.rshift_pressed.1982
                0x000000000080023e        0x1 lib/key-functions/public/special.o
 .bss.lshift_pressed.1981
                0x000000000080023f        0x1 lib/key-functions/public/special.o
 .bss.keys_pressed.1980
                0x0000000000800240        0x1 lib/key-functions/public/special.o
 .bss.numpad_layer_id
                0x0000000000800241        0x1 lib/key-functions/public/special.o
 .bss.div4.1833
                0x0000000000800242        0x1 lib-other/pjrc/usb_keyboard/usb_keyboard.o
 .bss.keyboard_leds
                0x0000000000800243        0x1 lib-other/pjrc/usb_keyboard/usb_keyboard.o
                0x0000000000800243                keyboard_leds
 .bss.keyboard_idle_count
                0x0000000000800244        0x1 lib-other/pjrc/usb_keyboard/usb_keyboard.o
 .bss.keyboard_keys
                0x0000000000800245        0x6 lib-other/pjrc/usb_keyboard/usb_keyboard.o
                0x0000000000800245                keyboard_keys
 .bss.keyboard_modifier_keys
                0x000000000080024b        0x1 lib-other/pjrc/usb_keyboard/usb_keyboard.o
                0x000000000080024b                keyboard_modifier_keys
 .bss.usb_configuration
                0x000000000080024c        0x1 lib-other/pjrc/usb_keyboard/usb_keyboard.o
 *(COMMON)
 COMMON         0x000000000080024d       0x9a main.o
                0x000000000080024d                main_loop_row
                0x000000000080024e                main_arg_any_non_trans_key_pressed
                0x000000000080024f                main_layers_pressed
                0x00000000008002a3                main_arg_row
                0x00000000008002a4                main_arg_layer
                0x00000000008002a5                layers
                0x00000000008002e1                main_arg_was_pressed
                0x00000000008002e2                main_arg_trans_key_pressed
                0x00000000008002e3                main_arg_is_pressed
                0x00000000008002e4                main_loop_col
                0x00000000008002e5                main_arg_layer_offset
                0x00000000008002e6                main_arg_col
 COMMON         0x00000000008002e7        0x4 lib-other/pjrc/usb_keyboard/usb_keyboard.o
                0x00000000008002e7                consumer_key
                0x00000000008002e9                last_consumer_key
                0x00000000008002eb                PROVIDE (__bss_end, .)
                0x00000000000026e8                __data_load_start = LOADADDR (.data)
                0x000000000000271e                __data_load_end = (__data_load_start + SIZEOF (.data))

.noinit         0x00000000008002eb        0x0
                [!provide]                        PROVIDE (__noinit_start, .)
 *(.noinit*)
                [!provide]                        PROVIDE (__noinit_end, .)
                0x00000000008002eb                _end = .
                [!provide]                        PROVIDE (__heap_start, .)

.eeprom         0x0000000000810000        0x0
 *(.eeprom*)
                0x0000000000810000                __eeprom_end = .

.fuse
 *(.fuse)
 *(.lfuse)
 *(.hfuse)
 *(.efuse)

.lock
 *(.lock*)

.signature
 *(.signature*)

.user_signatures
 *(.user_signatures*)

.stab
 *(.stab)

.stabstr
 *(.stabstr)

.stab.excl
 *(.stab.excl)

.stab.exclstr
 *(.stab.exclstr)

.stab.index
 *(.stab.index)

.stab.indexstr
 *(.stab.indexstr)

.comment        0x0000000000000000       0x11
 *(.comment)
 .comment       0x0000000000000000       0x11 main.o
                                         0x12 (size before relaxing)
 .comment       0x0000000000000011       0x12 keyboard/dactyl/controller.o
 .comment       0x0000000000000011       0x12 keyboard/dactyl/controller/teensy-2-0.o
 .comment       0x0000000000000011       0x12 keyboard/dactyl/controller/mcp23018.o
 .comment       0x0000000000000011       0x12 keyboard/dactyl/layout/qwerty-kinesis-mod.o
 .comment       0x0000000000000011       0x12 lib/twi/teensy-2-0.o
 .comment       0x0000000000000011       0x12 lib/key-functions/private.o
 .comment       0x0000000000000011       0x12 lib/key-functions/public/basic.o
 .comment       0x0000000000000011       0x12 lib/key-functions/public/special.o
 .comment       0x0000000000000011       0x12 lib/key-functions/public/device.o
 .comment       0x0000000000000011       0x12 lib-other/pjrc/usb_keyboard/usb_keyboard.o

.note.gnu.avr.deviceinfo
                0x0000000000000000       0x40
 .note.gnu.avr.deviceinfo
                0x0000000000000000       0x40 /usr/lib/gcc/avr/5.4.0/../../../avr/lib/avr5/crtatmega32u4.o

.note.gnu.build-id
 *(.note.gnu.build-id)

.debug
 *(.debug)

.line
 *(.line)

.debug_srcinfo
 *(.debug_srcinfo)

.debug_sfnames
 *(.debug_sfnames)

.debug_aranges
 *(.debug_aranges)

.debug_pubnames
 *(.debug_pubnames)

.debug_info     0x0000000000000000      0x9f4
 *(.debug_info .gnu.linkonce.wi.*)
 .debug_info    0x0000000000000000      0x9f4 /usr/lib/gcc/avr/5.4.0/../../../avr/lib/avr5/crtatmega32u4.o

.debug_abbrev   0x0000000000000000      0x96a
 *(.debug_abbrev)
 .debug_abbrev  0x0000000000000000      0x96a /usr/lib/gcc/avr/5.4.0/../../../avr/lib/avr5/crtatmega32u4.o

.debug_line     0x0000000000000000       0x1a
 *(.debug_line .debug_line.* .debug_line_end)
 .debug_line    0x0000000000000000       0x1a /usr/lib/gcc/avr/5.4.0/../../../avr/lib/avr5/crtatmega32u4.o

.debug_frame
 *(.debug_frame)

.debug_str      0x0000000000000000      0x371
 *(.debug_str)
 .debug_str     0x0000000000000000      0x371 /usr/lib/gcc/avr/5.4.0/../../../avr/lib/avr5/crtatmega32u4.o

.debug_loc
 *(.debug_loc)

.debug_macinfo
 *(.debug_macinfo)

.debug_weaknames
 *(.debug_weaknames)

.debug_funcnames
 *(.debug_funcnames)

.debug_typenames
 *(.debug_typenames)

.debug_varnames
 *(.debug_varnames)

.debug_pubtypes
 *(.debug_pubtypes)

.debug_ranges
 *(.debug_ranges)

.debug_macro
 *(.debug_macro)
OUTPUT(firmware.elf elf32-avr)
LOAD linker stubs

Cross Reference Table

Symbol                                            File
__FUSE_REGION_LENGTH__                            /usr/lib/gcc/avr/5.4.0/../../../avr/lib/avr5/crtatmega32u4.o
__bad_interrupt                                   /usr/lib/gcc/avr/5.4.0/../../../avr/lib/avr5/crtatmega32u4.o
__bss_end                                         /usr/lib/gcc/avr/5.4.0/avr5/libgcc.a(_clear_bss.o)
__bss_start                                       /usr/lib/gcc/avr/5.4.0/avr5/libgcc.a(_clear_bss.o)
__data_end                                        /usr/lib/gcc/avr/5.4.0/avr5/libgcc.a(_copy_data.o)
__data_load_start                                 /usr/lib/gcc/avr/5.4.0/avr5/libgcc.a(_copy_data.o)
__data_start                                      /usr/lib/gcc/avr/5.4.0/avr5/libgcc.a(_copy_data.o)
__do_clear_bss                                    /usr/lib/gcc/avr/5.4.0/avr5/libgcc.a(_clear_bss.o)
                                                  lib-other/pjrc/usb_keyboard/usb_keyboard.o
                                                  lib/key-functions/public/special.o
                                                  lib/key-functions/public/basic.o
                                                  main.o
__do_copy_data                                    /usr/lib/gcc/avr/5.4.0/avr5/libgcc.a(_copy_data.o)
                                                  lib-other/pjrc/usb_keyboard/usb_keyboard.o
                                                  lib/key-functions/public/special.o
                                                  lib/key-functions/private.o
                                                  main.o
__heap_end                                        /usr/lib/gcc/avr/5.4.0/../../../avr/lib/avr5/crtatmega32u4.o
__init                                            /usr/lib/gcc/avr/5.4.0/../../../avr/lib/avr5/crtatmega32u4.o
__stack                                           /usr/lib/gcc/avr/5.4.0/../../../avr/lib/avr5/crtatmega32u4.o
__tablejump2__                                    /usr/lib/gcc/avr/5.4.0/avr5/libgcc.a(_tablejump2.o)
                                                  lib/key-functions/private.o
__vector_1                                        /usr/lib/gcc/avr/5.4.0/../../../avr/lib/avr5/crtatmega32u4.o
__vector_10                                       lib-other/pjrc/usb_keyboard/usb_keyboard.o
                                                  /usr/lib/gcc/avr/5.4.0/../../../avr/lib/avr5/crtatmega32u4.o
__vector_11                                       lib-other/pjrc/usb_keyboard/usb_keyboard.o
                                                  /usr/lib/gcc/avr/5.4.0/../../../avr/lib/avr5/crtatmega32u4.o
__vector_12                                       /usr/lib/gcc/avr/5.4.0/../../../avr/lib/avr5/crtatmega32u4.o
__vector_13                                       /usr/lib/gcc/avr/5.4.0/../../../avr/lib/avr5/crtatmega32u4.o
__vector_14                                       /usr/lib/gcc/avr/5.4.0/../../../avr/lib/avr5/crtatmega32u4.o
__vector_15                                       /usr/lib/gcc/avr/5.4.0/../../../avr/lib/avr5/crtatmega32u4.o
__vector_16                                       /usr/lib/gcc/avr/5.4.0/../../../avr/lib/avr5/crtatmega32u4.o
__vector_17                                       /usr/lib/gcc/avr/5.4.0/../../../avr/lib/avr5/crtatmega32u4.o
__vector_18                                       /usr/lib/gcc/avr/5.4.0/../../../avr/lib/avr5/crtatmega32u4.o
__vector_19                                       /usr/lib/gcc/avr/5.4.0/../../../avr/lib/avr5/crtatmega32u4.o
__vector_2                                        /usr/lib/gcc/avr/5.4.0/../../../avr/lib/avr5/crtatmega32u4.o
__vector_20                                       /usr/lib/gcc/avr/5.4.0/../../../avr/lib/avr5/crtatmega32u4.o
__vector_21                                       /usr/lib/gcc/avr/5.4.0/../../../avr/lib/avr5/crtatmega32u4.o
__vector_22                                       /usr/lib/gcc/avr/5.4.0/../../../avr/lib/avr5/crtatmega32u4.o
__vector_23                                       /usr/lib/gcc/avr/5.4.0/../../../avr/lib/avr5/crtatmega32u4.o
__vector_24                                       /usr/lib/gcc/avr/5.4.0/../../../avr/lib/avr5/crtatmega32u4.o
__vector_25                                       /usr/lib/gcc/avr/5.4.0/../../../avr/lib/avr5/crtatmega32u4.o
__vector_26                                       /usr/lib/gcc/avr/5.4.0/../../../avr/lib/avr5/crtatmega32u4.o
__vector_27                                       /usr/lib/gcc/avr/5.4.0/../../../avr/lib/avr5/crtatmega32u4.o
__vector_28                                       /usr/lib/gcc/avr/5.4.0/../../../avr/lib/avr5/crtatmega32u4.o
__vector_29                                       /usr/lib/gcc/avr/5.4.0/../../../avr/lib/avr5/crtatmega32u4.o
__vector_3                                        /usr/lib/gcc/avr/5.4.0/../../../avr/lib/avr5/crtatmega32u4.o
__vector_30                                       /usr/lib/gcc/avr/5.4.0/../../../avr/lib/avr5/crtatmega32u4.o
__vector_31                                       /usr/lib/gcc/avr/5.4.0/../../../avr/lib/avr5/crtatmega32u4.o
__vector_32                                       /usr/lib/gcc/avr/5.4.0/../../../avr/lib/avr5/crtatmega32u4.o
__vector_33                                       /usr/lib/gcc/avr/5.4.0/../../../avr/lib/avr5/crtatmega32u4.o
__vector_34                                       /usr/lib/gcc/avr/5.4.0/../../../avr/lib/avr5/crtatmega32u4.o
__vector_35                                       /usr/lib/gcc/avr/5.4.0/../../../avr/lib/avr5/crtatmega32u4.o
__vector_36                                       /usr/lib/gcc/avr/5.4.0/../../../avr/lib/avr5/crtatmega32u4.o
__vector_37                                       /usr/lib/gcc/avr/5.4.0/../../../avr/lib/avr5/crtatmega32u4.o
__vector_38                                       /usr/lib/gcc/avr/5.4.0/../../../avr/lib/avr5/crtatmega32u4.o
__vector_39                                       /usr/lib/gcc/avr/5.4.0/../../../avr/lib/avr5/crtatmega32u4.o
__vector_4                                        /usr/lib/gcc/avr/5.4.0/../../../avr/lib/avr5/crtatmega32u4.o
__vector_40                                       /usr/lib/gcc/avr/5.4.0/../../../avr/lib/avr5/crtatmega32u4.o
__vector_41                                       /usr/lib/gcc/avr/5.4.0/../../../avr/lib/avr5/crtatmega32u4.o
__vector_42                                       /usr/lib/gcc/avr/5.4.0/../../../avr/lib/avr5/crtatmega32u4.o
__vector_5                                        /usr/lib/gcc/avr/5.4.0/../../../avr/lib/avr5/crtatmega32u4.o
__vector_6                                        /usr/lib/gcc/avr/5.4.0/../../../avr/lib/avr5/crtatmega32u4.o
__vector_7                                        /usr/lib/gcc/avr/5.4.0/../../../avr/lib/avr5/crtatmega32u4.o
__vector_8                                        /usr/lib/gcc/avr/5.4.0/../../../avr/lib/avr5/crtatmega32u4.o
__vector_9                                        /usr/lib/gcc/avr/5.4.0/../../../avr/lib/avr5/crtatmega32u4.o
__vector_default                                  /usr/lib/gcc/avr/5.4.0/../../../avr/lib/avr5/crtatmega32u4.o
__vectors                                         /usr/lib/gcc/avr/5.4.0/../../../avr/lib/avr5/crtatmega32u4.o
_exit                                             /usr/lib/gcc/avr/5.4.0/avr5/libgcc.a(_exit.o)
_kb_layout                                        keyboard/dactyl/layout/qwerty-kinesis-mod.o
                                                  lib/key-functions/public/special.o
                                                  lib/key-functions/public/basic.o
_kb_layout_press                                  keyboard/dactyl/layout/qwerty-kinesis-mod.o
                                                  main.o
_kb_layout_release                                keyboard/dactyl/layout/qwerty-kinesis-mod.o
                                                  main.o
_kbfun_is_pressed                                 lib/key-functions/private.o
                                                  lib/key-functions/public/special.o
                                                  lib/key-functions/public/basic.o
_kbfun_mediakey_press_release                     lib/key-functions/private.o
                                                  lib/key-functions/public/special.o
_kbfun_press_release                              lib/key-functions/private.o
                                                  lib/key-functions/public/special.o
                                                  lib/key-functions/public/basic.o
consumer_key                                      lib-other/pjrc/usb_keyboard/usb_keyboard.o
                                                  lib/key-functions/private.o
exit                                              /usr/lib/gcc/avr/5.4.0/avr5/libgcc.a(_exit.o)
                                                  /usr/lib/gcc/avr/5.4.0/../../../avr/lib/avr5/crtatmega32u4.o
kb_init                                           keyboard/dactyl/controller.o
                                                  main.o
kb_send_altcode                                   lib/key-functions/public/special.o
kb_send_de_Ae                                     lib/key-functions/public/special.o
                                                  keyboard/dactyl/layout/qwerty-kinesis-mod.o
kb_send_de_Oe                                     lib/key-functions/public/special.o
                                                  keyboard/dactyl/layout/qwerty-kinesis-mod.o
kb_send_de_Ue                                     lib/key-functions/public/special.o
                                                  keyboard/dactyl/layout/qwerty-kinesis-mod.o
kb_send_de_ae                                     lib/key-functions/public/special.o
                                                  keyboard/dactyl/layout/qwerty-kinesis-mod.o
kb_send_de_oe                                     lib/key-functions/public/special.o
                                                  keyboard/dactyl/layout/qwerty-kinesis-mod.o
kb_send_de_ss                                     lib/key-functions/public/special.o
                                                  keyboard/dactyl/layout/qwerty-kinesis-mod.o
kb_send_de_ue                                     lib/key-functions/public/special.o
                                                  keyboard/dactyl/layout/qwerty-kinesis-mod.o
kb_update_matrix                                  keyboard/dactyl/controller.o
                                                  main.o
kbfun_2_keys_capslock_press_release               lib/key-functions/public/special.o
                                                  keyboard/dactyl/layout/qwerty-kinesis-mod.o
kbfun_jump_to_bootloader                          lib/key-functions/public/device.o
                                                  keyboard/dactyl/layout/qwerty-kinesis-mod.o
kbfun_layer_pop_1                                 lib/key-functions/public/basic.o
                                                  keyboard/dactyl/layout/qwerty-kinesis-mod.o
kbfun_layer_pop_10                                lib/key-functions/public/basic.o
                                                  keyboard/dactyl/layout/qwerty-kinesis-mod.o
kbfun_layer_pop_2                                 lib/key-functions/public/basic.o
                                                  keyboard/dactyl/layout/qwerty-kinesis-mod.o
kbfun_layer_pop_3                                 lib/key-functions/public/basic.o
                                                  keyboard/dactyl/layout/qwerty-kinesis-mod.o
kbfun_layer_pop_4                                 lib/key-functions/public/basic.o
                                                  keyboard/dactyl/layout/qwerty-kinesis-mod.o
kbfun_layer_pop_5                                 lib/key-functions/public/basic.o
                                                  keyboard/dactyl/layout/qwerty-kinesis-mod.o
kbfun_layer_pop_6                                 lib/key-functions/public/basic.o
                                                  keyboard/dactyl/layout/qwerty-kinesis-mod.o
kbfun_layer_pop_7                                 lib/key-functions/public/basic.o
                                                  keyboard/dactyl/layout/qwerty-kinesis-mod.o
kbfun_layer_pop_8                                 lib/key-functions/public/basic.o
                                                  keyboard/dactyl/layout/qwerty-kinesis-mod.o
kbfun_layer_pop_9                                 lib/key-functions/public/basic.o
                                                  keyboard/dactyl/layout/qwerty-kinesis-mod.o
kbfun_layer_pop_numpad                            lib/key-functions/public/special.o
                                                  keyboard/dactyl/layout/qwerty-kinesis-mod.o
kbfun_layer_push_1                                lib/key-functions/public/basic.o
                                                  keyboard/dactyl/layout/qwerty-kinesis-mod.o
kbfun_layer_push_10                               lib/key-functions/public/basic.o
                                                  keyboard/dactyl/layout/qwerty-kinesis-mod.o
kbfun_layer_push_2                                lib/key-functions/public/basic.o
                                                  keyboard/dactyl/layout/qwerty-kinesis-mod.o
kbfun_layer_push_3                                lib/key-functions/public/basic.o
                                                  keyboard/dactyl/layout/qwerty-kinesis-mod.o
kbfun_layer_push_4                                lib/key-functions/public/basic.o
                                                  keyboard/dactyl/layout/qwerty-kinesis-mod.o
kbfun_layer_push_5                                lib/key-functions/public/basic.o
                                                  keyboard/dactyl/layout/qwerty-kinesis-mod.o
kbfun_layer_push_6                                lib/key-functions/public/basic.o
                                                  keyboard/dactyl/layout/qwerty-kinesis-mod.o
kbfun_layer_push_7                                lib/key-functions/public/basic.o
                                                  keyboard/dactyl/layout/qwerty-kinesis-mod.o
kbfun_layer_push_8                                lib/key-functions/public/basic.o
                                                  keyboard/dactyl/layout/qwerty-kinesis-mod.o
kbfun_layer_push_9                                lib/key-functions/public/basic.o
                                                  keyboard/dactyl/layout/qwerty-kinesis-mod.o
kbfun_layer_push_numpad                           lib/key-functions/public/special.o
                                                  keyboard/dactyl/layout/qwerty-kinesis-mod.o
kbfun_layer_sticky_1                              lib/key-functions/public/basic.o
kbfun_layer_sticky_10                             lib/key-functions/public/basic.o
kbfun_layer_sticky_2                              lib/key-functions/public/basic.o
kbfun_layer_sticky_3                              lib/key-functions/public/basic.o
kbfun_layer_sticky_4                              lib/key-functions/public/basic.o
kbfun_layer_sticky_5                              lib/key-functions/public/basic.o
kbfun_layer_sticky_6                              lib/key-functions/public/basic.o
kbfun_layer_sticky_7                              lib/key-functions/public/basic.o
kbfun_layer_sticky_8                              lib/key-functions/public/basic.o
kbfun_layer_sticky_9                              lib/key-functions/public/basic.o
kbfun_layer_toggle_1                              lib/key-functions/public/basic.o
kbfun_layer_toggle_10                             lib/key-functions/public/basic.o
kbfun_layer_toggle_2                              lib/key-functions/public/basic.o
kbfun_layer_toggle_3                              lib/key-functions/public/basic.o
kbfun_layer_toggle_4                              lib/key-functions/public/basic.o
kbfun_layer_toggle_5                              lib/key-functions/public/basic.o
kbfun_layer_toggle_6                              lib/key-functions/public/basic.o
kbfun_layer_toggle_7                              lib/key-functions/public/basic.o
kbfun_layer_toggle_8                              lib/key-functions/public/basic.o
kbfun_layer_toggle_9                              lib/key-functions/public/basic.o
kbfun_mediakey_press_release                      lib/key-functions/public/special.o
kbfun_press_release                               lib/key-functions/public/basic.o
                                                  lib/key-functions/public/special.o
                                                  keyboard/dactyl/layout/qwerty-kinesis-mod.o
kbfun_press_release_preserve_sticky               lib/key-functions/public/basic.o
kbfun_shift_press_release                         lib/key-functions/public/special.o
                                                  keyboard/dactyl/layout/qwerty-kinesis-mod.o
kbfun_toggle                                      lib/key-functions/public/basic.o
                                                  keyboard/dactyl/layout/qwerty-kinesis-mod.o
kbfun_transparent                                 lib/key-functions/public/basic.o
                                                  keyboard/dactyl/layout/qwerty-kinesis-mod.o
keyboard_keys                                     lib-other/pjrc/usb_keyboard/usb_keyboard.o
                                                  lib/key-functions/private.o
keyboard_leds                                     lib-other/pjrc/usb_keyboard/usb_keyboard.o
                                                  main.o
keyboard_modifier_keys                            lib-other/pjrc/usb_keyboard/usb_keyboard.o
                                                  lib/key-functions/private.o
last_consumer_key                                 lib-other/pjrc/usb_keyboard/usb_keyboard.o
layers                                            main.o
layers_head                                       main.o
layers_ids_in_use                                 main.o
main                                              main.o
                                                  /usr/lib/gcc/avr/5.4.0/../../../avr/lib/avr5/crtatmega32u4.o
main_arg_any_non_trans_key_pressed                main.o
                                                  lib/key-functions/public/basic.o
main_arg_col                                      main.o
                                                  lib/key-functions/public/special.o
                                                  lib/key-functions/public/basic.o
main_arg_is_pressed                               main.o
                                                  lib/key-functions/public/special.o
                                                  lib/key-functions/public/basic.o
main_arg_layer                                    main.o
                                                  lib/key-functions/public/special.o
                                                  lib/key-functions/public/basic.o
main_arg_layer_offset                             main.o
                                                  lib/key-functions/public/basic.o
main_arg_row                                      main.o
                                                  lib/key-functions/public/special.o
                                                  lib/key-functions/public/basic.o
main_arg_trans_key_pressed                        main.o
                                                  lib/key-functions/public/basic.o
main_arg_was_pressed                              main.o
main_exec_key                                     main.o
                                                  lib/key-functions/public/basic.o
main_kb_is_pressed                                main.o
main_kb_was_pressed                               main.o
main_layers_peek                                  main.o
                                                  lib/key-functions/public/basic.o
main_layers_peek_sticky                           main.o
                                                  lib/key-functions/public/basic.o
main_layers_pop_id                                main.o
                                                  lib/key-functions/public/special.o
                                                  lib/key-functions/public/basic.o
main_layers_pressed                               main.o
                                                  lib/key-functions/public/basic.o
main_layers_push                                  main.o
                                                  lib/key-functions/public/special.o
                                                  lib/key-functions/public/basic.o
main_loop_col                                     main.o
main_loop_row                                     main.o
mcp23018_init                                     keyboard/dactyl/controller/mcp23018.o
                                                  keyboard/dactyl/controller.o
mcp23018_update_matrix                            keyboard/dactyl/controller/mcp23018.o
                                                  keyboard/dactyl/controller.o
teensy_init                                       keyboard/dactyl/controller/teensy-2-0.o
                                                  keyboard/dactyl/controller.o
teensy_update_matrix                              keyboard/dactyl/controller/teensy-2-0.o
                                                  keyboard/dactyl/controller.o
twi_init                                          lib/twi/teensy-2-0.o
                                                  keyboard/dactyl/controller/teensy-2-0.o
twi_read                                          lib/twi/teensy-2-0.o
                                                  keyboard/dactyl/controller/mcp23018.o
twi_send                                          lib/twi/teensy-2-0.o
                                                  keyboard/dactyl/controller/mcp23018.o
twi_start                                         lib/twi/teensy-2-0.o
                                                  keyboard/dactyl/controller/mcp23018.o
twi_stop                                          lib/twi/teensy-2-0.o
                                                  keyboard/dactyl/controller/mcp23018.o
usb_configured                                    lib-other/pjrc/usb_keyboard/usb_keyboard.o
                                                  main.o
usb_extra_consumer_send                           lib-other/pjrc/usb_keyboard/usb_keyboard.o
                                                  main.o
usb_extra_send                                    lib-other/pjrc/usb_keyboard/usb_keyboard.o
usb_init                                          lib-other/pjrc/usb_keyboard/usb_keyboard.o
                                                  main.o
usb_keyboard_press                                lib-other/pjrc/usb_keyboard/usb_keyboard.o
usb_keyboard_send                                 lib-other/pjrc/usb_keyboard/usb_keyboard.o
                                                  lib/key-functions/public/special.o
                                                  main.o
