Archive member included because of file (symbol)

/usr/lib/gcc/avr/4.8.2/avr5/libgcc.a(_exit.o)
                              /usr/lib/gcc/avr/4.8.2/../../../avr/lib/avr5/crtm32u4.o (exit)
/usr/lib/gcc/avr/4.8.2/avr5/libgcc.a(_tablejump.o)
                              lib/key-functions/private.o (__tablejump2__)
/usr/lib/gcc/avr/4.8.2/avr5/libgcc.a(_copy_data.o)
                              main.o (__do_copy_data)
/usr/lib/gcc/avr/4.8.2/avr5/libgcc.a(_clear_bss.o)
                              main.o (__do_clear_bss)

Allocating common symbols
Common symbol       size              file

main_loop_row       0x1               main.o
main_arg_any_non_trans_key_pressed
                    0x1               main.o
main_layers_pressed
                    0x54              main.o
consumer_key        0x2               lib-other/pjrc/usb_keyboard/usb_keyboard.o
main_arg_row        0x1               main.o
main_arg_layer      0x1               main.o
layers              0x3c              main.o
main_arg_was_pressed
                    0x1               main.o
main_arg_trans_key_pressed
                    0x1               main.o
main_arg_is_pressed
                    0x1               main.o
main_loop_col       0x1               main.o
main_arg_layer_offset
                    0x1               main.o
last_consumer_key   0x2               lib-other/pjrc/usb_keyboard/usb_keyboard.o
main_arg_col        0x1               main.o

Discarded input sections

 .bss           0x0000000000000000        0x0 /usr/lib/gcc/avr/4.8.2/../../../avr/lib/avr5/crtm32u4.o
 .text          0x0000000000000000        0x0 main.o
 .bss           0x0000000000000000        0x0 main.o
 .text          0x0000000000000000        0x0 keyboard/dactyl/controller.o
 .bss           0x0000000000000000        0x0 keyboard/dactyl/controller.o
 .text          0x0000000000000000        0x0 keyboard/dactyl/controller/mcp23018.o
 .bss           0x0000000000000000        0x0 keyboard/dactyl/controller/mcp23018.o
 .text          0x0000000000000000        0x0 keyboard/dactyl/controller/teensy-2-0.o
 .bss           0x0000000000000000        0x0 keyboard/dactyl/controller/teensy-2-0.o
 .text          0x0000000000000000        0x0 keyboard/dactyl/layout/qwerty-kinesis-mod.o
 .bss           0x0000000000000000        0x0 keyboard/dactyl/layout/qwerty-kinesis-mod.o
 .text          0x0000000000000000        0x0 lib/key-functions/private.o
 .bss           0x0000000000000000        0x0 lib/key-functions/private.o
 .text._kbfun_mediakey_press_release
                0x0000000000000000       0x36 lib/key-functions/private.o
 .rodata._media_code_lookup_table
                0x0000000000000000        0xe lib/key-functions/private.o
 .text          0x0000000000000000        0x0 lib/twi/teensy-2-0.o
 .bss           0x0000000000000000        0x0 lib/twi/teensy-2-0.o
 .text          0x0000000000000000        0x0 lib/usb/TODO.o
 .bss           0x0000000000000000        0x0 lib/usb/TODO.o
 .text          0x0000000000000000        0x0 lib/key-functions/public/basic.o
 .bss           0x0000000000000000        0x0 lib/key-functions/public/basic.o
 .text.layer_toggle
                0x0000000000000000       0x14 lib/key-functions/public/basic.o
 .text.layer_sticky
                0x0000000000000000       0xc0 lib/key-functions/public/basic.o
 .text.kbfun_layer_sticky_1
                0x0000000000000000        0x6 lib/key-functions/public/basic.o
 .text.kbfun_layer_toggle_1
                0x0000000000000000        0x6 lib/key-functions/public/basic.o
 .text.kbfun_layer_sticky_2
                0x0000000000000000        0x6 lib/key-functions/public/basic.o
 .text.kbfun_layer_toggle_2
                0x0000000000000000        0x6 lib/key-functions/public/basic.o
 .text.kbfun_layer_sticky_3
                0x0000000000000000        0x6 lib/key-functions/public/basic.o
 .text.kbfun_layer_toggle_3
                0x0000000000000000        0x6 lib/key-functions/public/basic.o
 .text.kbfun_layer_sticky_4
                0x0000000000000000        0x6 lib/key-functions/public/basic.o
 .text.kbfun_layer_toggle_4
                0x0000000000000000        0x6 lib/key-functions/public/basic.o
 .text.kbfun_layer_sticky_5
                0x0000000000000000        0x6 lib/key-functions/public/basic.o
 .text.kbfun_layer_toggle_5
                0x0000000000000000        0x6 lib/key-functions/public/basic.o
 .text.kbfun_layer_sticky_6
                0x0000000000000000        0x6 lib/key-functions/public/basic.o
 .text.kbfun_layer_toggle_6
                0x0000000000000000        0x6 lib/key-functions/public/basic.o
 .text.kbfun_layer_sticky_7
                0x0000000000000000        0x6 lib/key-functions/public/basic.o
 .text.kbfun_layer_toggle_7
                0x0000000000000000        0x6 lib/key-functions/public/basic.o
 .text.kbfun_layer_sticky_8
                0x0000000000000000        0x6 lib/key-functions/public/basic.o
 .text.kbfun_layer_toggle_8
                0x0000000000000000        0x6 lib/key-functions/public/basic.o
 .text.kbfun_layer_sticky_9
                0x0000000000000000        0x6 lib/key-functions/public/basic.o
 .text.kbfun_layer_toggle_9
                0x0000000000000000        0x6 lib/key-functions/public/basic.o
 .text.kbfun_layer_sticky_10
                0x0000000000000000        0x6 lib/key-functions/public/basic.o
 .text.kbfun_layer_toggle_10
                0x0000000000000000        0x6 lib/key-functions/public/basic.o
 .text          0x0000000000000000        0x0 lib/key-functions/public/device.o
 .bss           0x0000000000000000        0x0 lib/key-functions/public/device.o
 .text          0x0000000000000000        0x0 lib/key-functions/public/special.o
 .bss           0x0000000000000000        0x0 lib/key-functions/public/special.o
 .text.kbfun_mediakey_press_release
                0x0000000000000000       0x30 lib/key-functions/public/special.o
 .text          0x0000000000000000        0x0 lib-other/pjrc/usb_keyboard/usb_keyboard.o
 .bss           0x0000000000000000        0x0 lib-other/pjrc/usb_keyboard/usb_keyboard.o
 .text.usb_keyboard_press
                0x0000000000000000       0x1e lib-other/pjrc/usb_keyboard/usb_keyboard.o
 .text          0x0000000000000000        0x0 /usr/lib/gcc/avr/4.8.2/avr5/libgcc.a(_exit.o)
 .bss           0x0000000000000000        0x0 /usr/lib/gcc/avr/4.8.2/avr5/libgcc.a(_exit.o)
 .text.libgcc.mul
                0x0000000000000000        0x0 /usr/lib/gcc/avr/4.8.2/avr5/libgcc.a(_exit.o)
 .text.libgcc.div
                0x0000000000000000        0x0 /usr/lib/gcc/avr/4.8.2/avr5/libgcc.a(_exit.o)
 .text.libgcc   0x0000000000000000        0x0 /usr/lib/gcc/avr/4.8.2/avr5/libgcc.a(_exit.o)
 .text.libgcc.prologue
                0x0000000000000000        0x0 /usr/lib/gcc/avr/4.8.2/avr5/libgcc.a(_exit.o)
 .text.libgcc.builtins
                0x0000000000000000        0x0 /usr/lib/gcc/avr/4.8.2/avr5/libgcc.a(_exit.o)
 .text.libgcc.fmul
                0x0000000000000000        0x0 /usr/lib/gcc/avr/4.8.2/avr5/libgcc.a(_exit.o)
 .text.libgcc.fixed
                0x0000000000000000        0x0 /usr/lib/gcc/avr/4.8.2/avr5/libgcc.a(_exit.o)
 .text          0x0000000000000000        0x0 /usr/lib/gcc/avr/4.8.2/avr5/libgcc.a(_tablejump.o)
 .bss           0x0000000000000000        0x0 /usr/lib/gcc/avr/4.8.2/avr5/libgcc.a(_tablejump.o)
 .text.libgcc.mul
                0x0000000000000000        0x0 /usr/lib/gcc/avr/4.8.2/avr5/libgcc.a(_tablejump.o)
 .text.libgcc.div
                0x0000000000000000        0x0 /usr/lib/gcc/avr/4.8.2/avr5/libgcc.a(_tablejump.o)
 .text.libgcc.prologue
                0x0000000000000000        0x0 /usr/lib/gcc/avr/4.8.2/avr5/libgcc.a(_tablejump.o)
 .text.libgcc.builtins
                0x0000000000000000        0x0 /usr/lib/gcc/avr/4.8.2/avr5/libgcc.a(_tablejump.o)
 .text.libgcc.fmul
                0x0000000000000000        0x0 /usr/lib/gcc/avr/4.8.2/avr5/libgcc.a(_tablejump.o)
 .text.libgcc.fixed
                0x0000000000000000        0x0 /usr/lib/gcc/avr/4.8.2/avr5/libgcc.a(_tablejump.o)
 .text          0x0000000000000000        0x0 /usr/lib/gcc/avr/4.8.2/avr5/libgcc.a(_copy_data.o)
 .bss           0x0000000000000000        0x0 /usr/lib/gcc/avr/4.8.2/avr5/libgcc.a(_copy_data.o)
 .text.libgcc.mul
                0x0000000000000000        0x0 /usr/lib/gcc/avr/4.8.2/avr5/libgcc.a(_copy_data.o)
 .text.libgcc.div
                0x0000000000000000        0x0 /usr/lib/gcc/avr/4.8.2/avr5/libgcc.a(_copy_data.o)
 .text.libgcc   0x0000000000000000        0x0 /usr/lib/gcc/avr/4.8.2/avr5/libgcc.a(_copy_data.o)
 .text.libgcc.prologue
                0x0000000000000000        0x0 /usr/lib/gcc/avr/4.8.2/avr5/libgcc.a(_copy_data.o)
 .text.libgcc.builtins
                0x0000000000000000        0x0 /usr/lib/gcc/avr/4.8.2/avr5/libgcc.a(_copy_data.o)
 .text.libgcc.fmul
                0x0000000000000000        0x0 /usr/lib/gcc/avr/4.8.2/avr5/libgcc.a(_copy_data.o)
 .text.libgcc.fixed
                0x0000000000000000        0x0 /usr/lib/gcc/avr/4.8.2/avr5/libgcc.a(_copy_data.o)
 .text          0x0000000000000000        0x0 /usr/lib/gcc/avr/4.8.2/avr5/libgcc.a(_clear_bss.o)
 .bss           0x0000000000000000        0x0 /usr/lib/gcc/avr/4.8.2/avr5/libgcc.a(_clear_bss.o)
 .text.libgcc.mul
                0x0000000000000000        0x0 /usr/lib/gcc/avr/4.8.2/avr5/libgcc.a(_clear_bss.o)
 .text.libgcc.div
                0x0000000000000000        0x0 /usr/lib/gcc/avr/4.8.2/avr5/libgcc.a(_clear_bss.o)
 .text.libgcc   0x0000000000000000        0x0 /usr/lib/gcc/avr/4.8.2/avr5/libgcc.a(_clear_bss.o)
 .text.libgcc.prologue
                0x0000000000000000        0x0 /usr/lib/gcc/avr/4.8.2/avr5/libgcc.a(_clear_bss.o)
 .text.libgcc.builtins
                0x0000000000000000        0x0 /usr/lib/gcc/avr/4.8.2/avr5/libgcc.a(_clear_bss.o)
 .text.libgcc.fmul
                0x0000000000000000        0x0 /usr/lib/gcc/avr/4.8.2/avr5/libgcc.a(_clear_bss.o)
 .text.libgcc.fixed
                0x0000000000000000        0x0 /usr/lib/gcc/avr/4.8.2/avr5/libgcc.a(_clear_bss.o)

↵
Speichereinrichtung
↵

Name             Ursprung           Länge             Eigenschaften
text             0x0000000000000000 0x0000000000020000 xr
data             0x0000000000800060 0x000000000000ffa0 rw !x
eeprom           0x0000000000810000 0x0000000000010000 rw !x
fuse             0x0000000000820000 0x0000000000000400 rw !x
lock             0x0000000000830000 0x0000000000000400 rw !x
signature        0x0000000000840000 0x0000000000000400 rw !x
user_signatures  0x0000000000850000 0x0000000000000400 rw !x
*default*        0x0000000000000000 0xffffffffffffffff

Linker script and memory map

Address of section .data set to 0x800100
LOAD /usr/lib/gcc/avr/4.8.2/../../../avr/lib/avr5/crtm32u4.o
LOAD main.o
LOAD keyboard/dactyl/controller.o
LOAD keyboard/dactyl/controller/mcp23018.o
LOAD keyboard/dactyl/controller/teensy-2-0.o
LOAD keyboard/dactyl/layout/qwerty-kinesis-mod.o
LOAD lib/key-functions/private.o
LOAD lib/twi/teensy-2-0.o
LOAD lib/usb/TODO.o
LOAD lib/key-functions/public/basic.o
LOAD lib/key-functions/public/device.o
LOAD lib/key-functions/public/special.o
LOAD lib-other/pjrc/usb_keyboard/usb_keyboard.o
START GROUP
LOAD /usr/lib/gcc/avr/4.8.2/avr5/libgcc.a
LOAD /usr/lib/gcc/avr/4.8.2/../../../avr/lib/avr5/libm.a
LOAD /usr/lib/gcc/avr/4.8.2/../../../avr/lib/avr5/libc.a
END GROUP

.hash
 *(.hash)

.dynsym
 *(.dynsym)

.dynstr
 *(.dynstr)

.gnu.version
 *(.gnu.version)

.gnu.version_d
 *(.gnu.version_d)

.gnu.version_r
 *(.gnu.version_r)

.rel.init
 *(.rel.init)

.rela.init
 *(.rela.init)

.rel.text
 *(.rel.text)
 *(.rel.text.*)
 *(.rel.gnu.linkonce.t*)

.rela.text
 *(.rela.text)
 *(.rela.text.*)
 *(.rela.gnu.linkonce.t*)

.rel.fini
 *(.rel.fini)

.rela.fini
 *(.rela.fini)

.rel.rodata
 *(.rel.rodata)
 *(.rel.rodata.*)
 *(.rel.gnu.linkonce.r*)

.rela.rodata
 *(.rela.rodata)
 *(.rela.rodata.*)
 *(.rela.gnu.linkonce.r*)

.rel.data
 *(.rel.data)
 *(.rel.data.*)
 *(.rel.gnu.linkonce.d*)

.rela.data
 *(.rela.data)
 *(.rela.data.*)
 *(.rela.gnu.linkonce.d*)

.rel.ctors
 *(.rel.ctors)

.rela.ctors
 *(.rela.ctors)

.rel.dtors
 *(.rel.dtors)

.rela.dtors
 *(.rela.dtors)

.rel.got
 *(.rel.got)

.rela.got
 *(.rela.got)

.rel.bss
 *(.rel.bss)

.rela.bss
 *(.rela.bss)

.rel.plt
 *(.rel.plt)

.rela.plt
 *(.rela.plt)

.text           0x0000000000000000     0x2538
 *(.vectors)
 .vectors       0x0000000000000000       0xac /usr/lib/gcc/avr/4.8.2/../../../avr/lib/avr5/crtm32u4.o
                0x0000000000000000                __vectors
                0x0000000000000000                __vector_default
 *(.vectors)
 *(.progmem.gcc*)
 .progmem.gcc_sw_table._kbfun_press_release
                0x00000000000000ac       0x10 lib/key-functions/private.o
 .progmem.gcc_sw_table._kbfun_is_pressed
                0x00000000000000bc       0x10 lib/key-functions/private.o
 *(.progmem*)
 .progmem.data._kb_layout_release
                0x00000000000000cc      0x690 keyboard/dactyl/layout/qwerty-kinesis-mod.o
                0x00000000000000cc                _kb_layout_release
 .progmem.data._kb_layout_press
                0x000000000000075c      0x690 keyboard/dactyl/layout/qwerty-kinesis-mod.o
                0x000000000000075c                _kb_layout_press
 .progmem.data._kb_layout
                0x0000000000000dec      0x348 keyboard/dactyl/layout/qwerty-kinesis-mod.o
                0x0000000000000dec                _kb_layout
 .progmem.data.descriptor_list
                0x0000000000001134       0x3f lib-other/pjrc/usb_keyboard/usb_keyboard.o
 .progmem.data.string2
                0x0000000000001173       0x38 lib-other/pjrc/usb_keyboard/usb_keyboard.o
 .progmem.data.string1
                0x00000000000011ab       0x1a lib-other/pjrc/usb_keyboard/usb_keyboard.o
 .progmem.data.string0
                0x00000000000011c5        0x4 lib-other/pjrc/usb_keyboard/usb_keyboard.o
 .progmem.data.config1_descriptor
                0x00000000000011c9       0x3b lib-other/pjrc/usb_keyboard/usb_keyboard.o
 .progmem.data.extra_hid_report_desc
                0x0000000000001204       0x19 lib-other/pjrc/usb_keyboard/usb_keyboard.o
 .progmem.data.keyboard_hid_report_desc
                0x000000000000121d       0x3f lib-other/pjrc/usb_keyboard/usb_keyboard.o
 .progmem.data.device_descriptor
                0x000000000000125c       0x12 lib-other/pjrc/usb_keyboard/usb_keyboard.o
 .progmem.data.endpoint_config_table
                0x000000000000126e        0x7 lib-other/pjrc/usb_keyboard/usb_keyboard.o
                0x0000000000001276                . = ALIGN (0x2)
 *fill*         0x0000000000001275        0x1 
                0x0000000000001276                __trampolines_start = .
 *(.trampolines)
 .trampolines   0x0000000000001276        0x0 linker stubs
 *(.trampolines*)
                0x0000000000001276                __trampolines_end = .
 *(.jumptables)
 *(.jumptables*)
 *(.lowtext)
 *(.lowtext*)
                0x0000000000001276                __ctors_start = .
 *(.ctors)
                0x0000000000001276                __ctors_end = .
                0x0000000000001276                __dtors_start = .
 *(.dtors)
                0x0000000000001276                __dtors_end = .
 SORT(*)(.ctors)
 SORT(*)(.dtors)
 *(.init0)
 .init0         0x0000000000001276        0x0 /usr/lib/gcc/avr/4.8.2/../../../avr/lib/avr5/crtm32u4.o
                0x0000000000001276                __init
 *(.init0)
 *(.init1)
 *(.init1)
 *(.init2)
 .init2         0x0000000000001276        0xc /usr/lib/gcc/avr/4.8.2/../../../avr/lib/avr5/crtm32u4.o
 *(.init2)
 *(.init3)
 *(.init3)
 *(.init4)
 .init4         0x0000000000001282       0x16 /usr/lib/gcc/avr/4.8.2/avr5/libgcc.a(_copy_data.o)
                0x0000000000001282                __do_copy_data
 .init4         0x0000000000001298       0x10 /usr/lib/gcc/avr/4.8.2/avr5/libgcc.a(_clear_bss.o)
                0x0000000000001298                __do_clear_bss
 *(.init4)
 *(.init5)
 *(.init5)
 *(.init6)
 *(.init6)
 *(.init7)
 *(.init7)
 *(.init8)
 *(.init8)
 *(.init9)
 .init9         0x00000000000012a8        0x6 /usr/lib/gcc/avr/4.8.2/../../../avr/lib/avr5/crtm32u4.o
 *(.init9)
 *(.text)
 .text          0x00000000000012ae        0x4 /usr/lib/gcc/avr/4.8.2/../../../avr/lib/avr5/crtm32u4.o
                0x00000000000012ae                __vector_38
                0x00000000000012ae                __vector_22
                0x00000000000012ae                __vector_28
                0x00000000000012ae                __vector_1
                0x00000000000012ae                __vector_32
                0x00000000000012ae                __vector_34
                0x00000000000012ae                __vector_24
                0x00000000000012ae                __vector_12
                0x00000000000012ae                __bad_interrupt
                0x00000000000012ae                __vector_6
                0x00000000000012ae                __vector_31
                0x00000000000012ae                __vector_35
                0x00000000000012ae                __vector_39
                0x00000000000012ae                __vector_3
                0x00000000000012ae                __vector_23
                0x00000000000012ae                __vector_30
                0x00000000000012ae                __vector_25
                0x00000000000012ae                __vector_13
                0x00000000000012ae                __vector_17
                0x00000000000012ae                __vector_19
                0x00000000000012ae                __vector_7
                0x00000000000012ae                __vector_41
                0x00000000000012ae                __vector_27
                0x00000000000012ae                __vector_5
                0x00000000000012ae                __vector_33
                0x00000000000012ae                __vector_37
                0x00000000000012ae                __vector_4
                0x00000000000012ae                __vector_9
                0x00000000000012ae                __vector_2
                0x00000000000012ae                __vector_21
                0x00000000000012ae                __vector_15
                0x00000000000012ae                __vector_36
                0x00000000000012ae                __vector_29
                0x00000000000012ae                __vector_40
                0x00000000000012ae                __vector_8
                0x00000000000012ae                __vector_26
                0x00000000000012ae                __vector_14
                0x00000000000012ae                __vector_16
                0x00000000000012ae                __vector_18
                0x00000000000012ae                __vector_20
                0x00000000000012ae                __vector_42
                0x00000000000012b2                . = ALIGN (0x2)
 *(.text.*)
 .text.main_layers_peek
                0x00000000000012b2       0x24 main.o
                0x00000000000012b2                main_layers_peek
 .text.main_layers_peek_sticky
                0x00000000000012d6       0x24 main.o
                0x00000000000012d6                main_layers_peek_sticky
 .text.main_layers_push
                0x00000000000012fa       0x4a main.o
                0x00000000000012fa                main_layers_push
 .text.main_layers_pop_id
                0x0000000000001344       0x88 main.o
                0x0000000000001344                main_layers_pop_id
 .text.main_exec_key
                0x00000000000013cc       0x84 main.o
                0x00000000000013cc                main_exec_key
 .text.startup.main
                0x0000000000001450      0x1ce main.o
                0x0000000000001450                main
 .text.kb_init  0x000000000000161e       0x18 keyboard/dactyl/controller.o
                0x000000000000161e                kb_init
 .text.kb_update_matrix
                0x0000000000001636       0x24 keyboard/dactyl/controller.o
                0x0000000000001636                kb_update_matrix
 .text.mcp23018_init
                0x000000000000165a       0x56 keyboard/dactyl/controller/mcp23018.o
                0x000000000000165a                mcp23018_init
 .text.mcp23018_update_matrix
                0x00000000000016b0       0xf2 keyboard/dactyl/controller/mcp23018.o
                0x00000000000016b0                mcp23018_update_matrix
 .text.teensy_init
                0x00000000000017a2      0x192 keyboard/dactyl/controller/teensy-2-0.o
                0x00000000000017a2                teensy_init
 .text.teensy_update_matrix
                0x0000000000001934      0x286 keyboard/dactyl/controller/teensy-2-0.o
                0x0000000000001934                teensy_update_matrix
 .text._kbfun_press_release
                0x0000000000001bba       0xbe lib/key-functions/private.o
                0x0000000000001bba                _kbfun_press_release
 .text._kbfun_is_pressed
                0x0000000000001c78       0x54 lib/key-functions/private.o
                0x0000000000001c78                _kbfun_is_pressed
 .text.twi_init
                0x0000000000001ccc       0x12 lib/twi/teensy-2-0.o
                0x0000000000001ccc                twi_init
 .text.twi_start
                0x0000000000001cde       0x2e lib/twi/teensy-2-0.o
                0x0000000000001cde                twi_start
 .text.twi_stop
                0x0000000000001d0c       0x10 lib/twi/teensy-2-0.o
                0x0000000000001d0c                twi_stop
 .text.twi_send
                0x0000000000001d1c       0x3c lib/twi/teensy-2-0.o
                0x0000000000001d1c                twi_send
 .text.twi_read
                0x0000000000001d58       0x2c lib/twi/teensy-2-0.o
                0x0000000000001d58                twi_read
 .text.layer_pop
                0x0000000000001d84       0x1c lib/key-functions/public/basic.o
 .text.layer_push
                0x0000000000001da0       0x58 lib/key-functions/public/basic.o
 .text.kbfun_press_release_preserve_sticky
                0x0000000000001df8       0x2e lib/key-functions/public/basic.o
                0x0000000000001df8                kbfun_press_release_preserve_sticky
 .text.kbfun_press_release
                0x0000000000001e26       0x10 lib/key-functions/public/basic.o
                0x0000000000001e26                kbfun_press_release
 .text.kbfun_toggle
                0x0000000000001e36       0x4c lib/key-functions/public/basic.o
                0x0000000000001e36                kbfun_toggle
 .text.kbfun_transparent
                0x0000000000001e82       0x32 lib/key-functions/public/basic.o
                0x0000000000001e82                kbfun_transparent
 .text.kbfun_layer_push_1
                0x0000000000001eb4        0x4 lib/key-functions/public/basic.o
                0x0000000000001eb4                kbfun_layer_push_1
 .text.kbfun_layer_pop_1
                0x0000000000001eb8        0x4 lib/key-functions/public/basic.o
                0x0000000000001eb8                kbfun_layer_pop_1
 .text.kbfun_layer_push_2
                0x0000000000001ebc        0x4 lib/key-functions/public/basic.o
                0x0000000000001ebc                kbfun_layer_push_2
 .text.kbfun_layer_pop_2
                0x0000000000001ec0        0x4 lib/key-functions/public/basic.o
                0x0000000000001ec0                kbfun_layer_pop_2
 .text.kbfun_layer_push_3
                0x0000000000001ec4        0x4 lib/key-functions/public/basic.o
                0x0000000000001ec4                kbfun_layer_push_3
 .text.kbfun_layer_pop_3
                0x0000000000001ec8        0x4 lib/key-functions/public/basic.o
                0x0000000000001ec8                kbfun_layer_pop_3
 .text.kbfun_layer_push_4
                0x0000000000001ecc        0x4 lib/key-functions/public/basic.o
                0x0000000000001ecc                kbfun_layer_push_4
 .text.kbfun_layer_pop_4
                0x0000000000001ed0        0x4 lib/key-functions/public/basic.o
                0x0000000000001ed0                kbfun_layer_pop_4
 .text.kbfun_layer_push_5
                0x0000000000001ed4        0x4 lib/key-functions/public/basic.o
                0x0000000000001ed4                kbfun_layer_push_5
 .text.kbfun_layer_pop_5
                0x0000000000001ed8        0x4 lib/key-functions/public/basic.o
                0x0000000000001ed8                kbfun_layer_pop_5
 .text.kbfun_layer_push_6
                0x0000000000001edc        0x4 lib/key-functions/public/basic.o
                0x0000000000001edc                kbfun_layer_push_6
 .text.kbfun_layer_pop_6
                0x0000000000001ee0        0x4 lib/key-functions/public/basic.o
                0x0000000000001ee0                kbfun_layer_pop_6
 .text.kbfun_layer_push_7
                0x0000000000001ee4        0x4 lib/key-functions/public/basic.o
                0x0000000000001ee4                kbfun_layer_push_7
 .text.kbfun_layer_pop_7
                0x0000000000001ee8        0x4 lib/key-functions/public/basic.o
                0x0000000000001ee8                kbfun_layer_pop_7
 .text.kbfun_layer_push_8
                0x0000000000001eec        0x4 lib/key-functions/public/basic.o
                0x0000000000001eec                kbfun_layer_push_8
 .text.kbfun_layer_pop_8
                0x0000000000001ef0        0x4 lib/key-functions/public/basic.o
                0x0000000000001ef0                kbfun_layer_pop_8
 .text.kbfun_layer_push_9
                0x0000000000001ef4        0x4 lib/key-functions/public/basic.o
                0x0000000000001ef4                kbfun_layer_push_9
 .text.kbfun_layer_pop_9
                0x0000000000001ef8        0x4 lib/key-functions/public/basic.o
                0x0000000000001ef8                kbfun_layer_pop_9
 .text.kbfun_layer_push_10
                0x0000000000001efc        0x4 lib/key-functions/public/basic.o
                0x0000000000001efc                kbfun_layer_push_10
 .text.kbfun_layer_pop_10
                0x0000000000001f00        0x4 lib/key-functions/public/basic.o
                0x0000000000001f00                kbfun_layer_pop_10
 .text.kbfun_jump_to_bootloader
                0x0000000000001f04       0x64 lib/key-functions/public/device.o
                0x0000000000001f04                kbfun_jump_to_bootloader
 .text.numpad_toggle_numlock
                0x0000000000001f68       0x10 lib/key-functions/public/special.o
 .text.kbfun_shift_press_release
                0x0000000000001f78        0xa lib/key-functions/public/special.o
                0x0000000000001f78                kbfun_shift_press_release
 .text.kbfun_2_keys_capslock_press_release
                0x0000000000001f82       0xa8 lib/key-functions/public/special.o
                0x0000000000001f82                kbfun_2_keys_capslock_press_release
 .text.kbfun_layer_push_numpad
                0x000000000000202a       0x3e lib/key-functions/public/special.o
                0x000000000000202a                kbfun_layer_push_numpad
 .text.kbfun_layer_pop_numpad
                0x0000000000002068        0xc lib/key-functions/public/special.o
                0x0000000000002068                kbfun_layer_pop_numpad
 .text.usb_wait_in_ready
                0x0000000000002074        0xa lib-other/pjrc/usb_keyboard/usb_keyboard.o
 .text.usb_init
                0x000000000000207e       0x2e lib-other/pjrc/usb_keyboard/usb_keyboard.o
                0x000000000000207e                usb_init
 .text.usb_configured
                0x00000000000020ac        0x6 lib-other/pjrc/usb_keyboard/usb_keyboard.o
                0x00000000000020ac                usb_configured
 .text.usb_keyboard_send
                0x00000000000020b2       0x70 lib-other/pjrc/usb_keyboard/usb_keyboard.o
                0x00000000000020b2                usb_keyboard_send
 .text.__vector_10
                0x0000000000002122       0xb8 lib-other/pjrc/usb_keyboard/usb_keyboard.o
                0x0000000000002122                __vector_10
 .text.__vector_11
                0x00000000000021da      0x2b8 lib-other/pjrc/usb_keyboard/usb_keyboard.o
                0x00000000000021da                __vector_11
 .text.usb_extra_send
                0x0000000000002492       0x5a lib-other/pjrc/usb_keyboard/usb_keyboard.o
                0x0000000000002492                usb_extra_send
 .text.usb_extra_consumer_send
                0x00000000000024ec       0x3c lib-other/pjrc/usb_keyboard/usb_keyboard.o
                0x00000000000024ec                usb_extra_consumer_send
 .text.libgcc   0x0000000000002528        0xc /usr/lib/gcc/avr/4.8.2/avr5/libgcc.a(_tablejump.o)
                0x0000000000002528                __tablejump2__
                0x000000000000252c                __tablejump__
                0x0000000000002534                . = ALIGN (0x2)
 *(.fini9)
 .fini9         0x0000000000002534        0x0 /usr/lib/gcc/avr/4.8.2/avr5/libgcc.a(_exit.o)
                0x0000000000002534                exit
                0x0000000000002534                _exit
 *(.fini9)
 *(.fini8)
 *(.fini8)
 *(.fini7)
 *(.fini7)
 *(.fini6)
 *(.fini6)
 *(.fini5)
 *(.fini5)
 *(.fini4)
 *(.fini4)
 *(.fini3)
 *(.fini3)
 *(.fini2)
 *(.fini2)
 *(.fini1)
 *(.fini1)
 *(.fini0)
 .fini0         0x0000000000002534        0x4 /usr/lib/gcc/avr/4.8.2/avr5/libgcc.a(_exit.o)
 *(.fini0)
                0x0000000000002538                _etext = .

.data           0x0000000000800100       0x1a load address 0x0000000000002538
                0x0000000000800100                PROVIDE (__data_start, .)
 *(.data)
 .data          0x0000000000800100        0x0 /usr/lib/gcc/avr/4.8.2/../../../avr/lib/avr5/crtm32u4.o
 .data          0x0000000000800100        0x0 main.o
 .data          0x0000000000800100        0x0 keyboard/dactyl/controller.o
 .data          0x0000000000800100        0x0 keyboard/dactyl/controller/mcp23018.o
 .data          0x0000000000800100        0x0 keyboard/dactyl/controller/teensy-2-0.o
 .data          0x0000000000800100        0x0 keyboard/dactyl/layout/qwerty-kinesis-mod.o
 .data          0x0000000000800100        0x0 lib/key-functions/private.o
 .data          0x0000000000800100        0x0 lib/twi/teensy-2-0.o
 .data          0x0000000000800100        0x0 lib/usb/TODO.o
 .data          0x0000000000800100        0x0 lib/key-functions/public/basic.o
 .data          0x0000000000800100        0x0 lib/key-functions/public/device.o
 .data          0x0000000000800100        0x0 lib/key-functions/public/special.o
 .data          0x0000000000800100        0x0 lib-other/pjrc/usb_keyboard/usb_keyboard.o
 .data          0x0000000000800100        0x0 /usr/lib/gcc/avr/4.8.2/avr5/libgcc.a(_exit.o)
 .data          0x0000000000800100        0x0 /usr/lib/gcc/avr/4.8.2/avr5/libgcc.a(_tablejump.o)
 .data          0x0000000000800100        0x0 /usr/lib/gcc/avr/4.8.2/avr5/libgcc.a(_copy_data.o)
 .data          0x0000000000800100        0x0 /usr/lib/gcc/avr/4.8.2/avr5/libgcc.a(_clear_bss.o)
 *(.data*)
 .data.layers_ids_in_use
                0x0000000000800100       0x14 main.o
                0x0000000000800100                layers_ids_in_use
 .data.main_kb_was_pressed
                0x0000000000800114        0x2 main.o
                0x0000000000800114                main_kb_was_pressed
 .data.main_kb_is_pressed
                0x0000000000800116        0x2 main.o
                0x0000000000800116                main_kb_is_pressed
 .data.keyboard_idle_config
                0x0000000000800118        0x1 lib-other/pjrc/usb_keyboard/usb_keyboard.o
 .data.keyboard_protocol
                0x0000000000800119        0x1 lib-other/pjrc/usb_keyboard/usb_keyboard.o
 *(.rodata)
 *(.rodata*)
 *(.gnu.linkonce.d*)
                0x000000000080011a                . = ALIGN (0x2)
                0x000000000080011a                _edata = .
                0x000000000080011a                PROVIDE (__data_end, .)

.bss            0x000000000080011a      0x1b5
                0x000000000080011a                PROVIDE (__bss_start, .)
 *(.bss)
 *(.bss*)
 .bss.layers_head
                0x000000000080011a        0x1 main.o
                0x000000000080011a                layers_head
 .bss.main_kb_was_transparent
                0x000000000080011b       0x54 main.o
 .bss._main_kb_was_pressed
                0x000000000080016f       0x54 main.o
 .bss._main_kb_is_pressed
                0x00000000008001c3       0x54 main.o
 .bss.layer_ids
                0x0000000000800217        0xb lib/key-functions/public/basic.o
 .bss.rshift_pressed.1825
                0x0000000000800222        0x1 lib/key-functions/public/special.o
 .bss.lshift_pressed.1824
                0x0000000000800223        0x1 lib/key-functions/public/special.o
 .bss.keys_pressed.1823
                0x0000000000800224        0x1 lib/key-functions/public/special.o
 .bss.numpad_layer_id
                0x0000000000800225        0x1 lib/key-functions/public/special.o
 .bss.div4.1727
                0x0000000000800226        0x1 lib-other/pjrc/usb_keyboard/usb_keyboard.o
 .bss.keyboard_leds
                0x0000000000800227        0x1 lib-other/pjrc/usb_keyboard/usb_keyboard.o
                0x0000000000800227                keyboard_leds
 .bss.keyboard_idle_count
                0x0000000000800228        0x1 lib-other/pjrc/usb_keyboard/usb_keyboard.o
 .bss.keyboard_keys
                0x0000000000800229        0x6 lib-other/pjrc/usb_keyboard/usb_keyboard.o
                0x0000000000800229                keyboard_keys
 .bss.keyboard_modifier_keys
                0x000000000080022f        0x1 lib-other/pjrc/usb_keyboard/usb_keyboard.o
                0x000000000080022f                keyboard_modifier_keys
 .bss.usb_configuration
                0x0000000000800230        0x1 lib-other/pjrc/usb_keyboard/usb_keyboard.o
 *(COMMON)
 COMMON         0x0000000000800231       0x9a main.o
                0x0000000000800231                main_loop_row
                0x0000000000800232                main_arg_any_non_trans_key_pressed
                0x0000000000800233                main_layers_pressed
                0x0000000000800287                main_arg_row
                0x0000000000800288                main_arg_layer
                0x0000000000800289                layers
                0x00000000008002c5                main_arg_was_pressed
                0x00000000008002c6                main_arg_trans_key_pressed
                0x00000000008002c7                main_arg_is_pressed
                0x00000000008002c8                main_loop_col
                0x00000000008002c9                main_arg_layer_offset
                0x00000000008002ca                main_arg_col
 COMMON         0x00000000008002cb        0x4 lib-other/pjrc/usb_keyboard/usb_keyboard.o
                0x00000000008002cb                consumer_key
                0x00000000008002cd                last_consumer_key
                0x00000000008002cf                PROVIDE (__bss_end, .)
                0x0000000000002538                __data_load_start = LOADADDR (.data)
                0x0000000000002552                __data_load_end = (__data_load_start + SIZEOF (.data))

.noinit         0x00000000008002cf        0x0
                0x00000000008002cf                PROVIDE (__noinit_start, .)
 *(.noinit*)
                0x00000000008002cf                PROVIDE (__noinit_end, .)
                0x00000000008002cf                _end = .
                0x00000000008002cf                PROVIDE (__heap_start, .)

.eeprom         0x0000000000810000        0x0
 *(.eeprom*)
                0x0000000000810000                __eeprom_end = .

.fuse
 *(.fuse)
 *(.lfuse)
 *(.hfuse)
 *(.efuse)

.lock
 *(.lock*)

.signature
 *(.signature*)

.user_signatures
 *(.user_signatures*)

.stab           0x0000000000000000      0x6cc
 *(.stab)
 .stab          0x0000000000000000      0x6cc /usr/lib/gcc/avr/4.8.2/../../../avr/lib/avr5/crtm32u4.o

.stabstr        0x0000000000000000       0x54
 *(.stabstr)
 .stabstr       0x0000000000000000       0x54 /usr/lib/gcc/avr/4.8.2/../../../avr/lib/avr5/crtm32u4.o

.stab.excl
 *(.stab.excl)

.stab.exclstr
 *(.stab.exclstr)

.stab.index
 *(.stab.index)

.stab.indexstr
 *(.stab.indexstr)

.comment        0x0000000000000000       0x11
 *(.comment)
 .comment       0x0000000000000000       0x11 main.o
                                         0x12 (size before relaxing)
 .comment       0x0000000000000000       0x12 keyboard/dactyl/controller.o
 .comment       0x0000000000000000       0x12 keyboard/dactyl/controller/mcp23018.o
 .comment       0x0000000000000000       0x12 keyboard/dactyl/controller/teensy-2-0.o
 .comment       0x0000000000000000       0x12 keyboard/dactyl/layout/qwerty-kinesis-mod.o
 .comment       0x0000000000000000       0x12 lib/key-functions/private.o
 .comment       0x0000000000000000       0x12 lib/twi/teensy-2-0.o
 .comment       0x0000000000000000       0x12 lib/usb/TODO.o
 .comment       0x0000000000000000       0x12 lib/key-functions/public/basic.o
 .comment       0x0000000000000000       0x12 lib/key-functions/public/device.o
 .comment       0x0000000000000000       0x12 lib/key-functions/public/special.o
 .comment       0x0000000000000000       0x12 lib-other/pjrc/usb_keyboard/usb_keyboard.o

.debug
 *(.debug)

.line
 *(.line)

.debug_srcinfo
 *(.debug_srcinfo)

.debug_sfnames
 *(.debug_sfnames)

.debug_aranges
 *(.debug_aranges)

.debug_pubnames
 *(.debug_pubnames)

.debug_info
 *(.debug_info)
 *(.gnu.linkonce.wi.*)

.debug_abbrev
 *(.debug_abbrev)

.debug_line
 *(.debug_line)

.debug_frame
 *(.debug_frame)

.debug_str
 *(.debug_str)

.debug_loc
 *(.debug_loc)

.debug_macinfo
 *(.debug_macinfo)

.debug_pubtypes
 *(.debug_pubtypes)

.debug_ranges
 *(.debug_ranges)

.debug_macro
 *(.debug_macro)
OUTPUT(firmware.elf elf32-avr)
LOAD linker stubs

Kreuzreferenz-Tabelle

Symbol                                            Datei
__bad_interrupt                                   /usr/lib/gcc/avr/4.8.2/../../../avr/lib/avr5/crtm32u4.o
__bss_end                                         /usr/lib/gcc/avr/4.8.2/avr5/libgcc.a(_clear_bss.o)
__bss_start                                       /usr/lib/gcc/avr/4.8.2/avr5/libgcc.a(_clear_bss.o)
__data_end                                        /usr/lib/gcc/avr/4.8.2/avr5/libgcc.a(_copy_data.o)
__data_load_start                                 /usr/lib/gcc/avr/4.8.2/avr5/libgcc.a(_copy_data.o)
__data_start                                      /usr/lib/gcc/avr/4.8.2/avr5/libgcc.a(_copy_data.o)
__do_clear_bss                                    /usr/lib/gcc/avr/4.8.2/avr5/libgcc.a(_clear_bss.o)
                                                  lib-other/pjrc/usb_keyboard/usb_keyboard.o
                                                  lib/key-functions/public/special.o
                                                  lib/key-functions/public/basic.o
                                                  main.o
__do_copy_data                                    /usr/lib/gcc/avr/4.8.2/avr5/libgcc.a(_copy_data.o)
                                                  lib-other/pjrc/usb_keyboard/usb_keyboard.o
                                                  lib/key-functions/private.o
                                                  main.o
__heap_end                                        /usr/lib/gcc/avr/4.8.2/../../../avr/lib/avr5/crtm32u4.o
__init                                            /usr/lib/gcc/avr/4.8.2/../../../avr/lib/avr5/crtm32u4.o
__stack                                           /usr/lib/gcc/avr/4.8.2/../../../avr/lib/avr5/crtm32u4.o
__tablejump2__                                    /usr/lib/gcc/avr/4.8.2/avr5/libgcc.a(_tablejump.o)
                                                  lib/key-functions/private.o
__tablejump__                                     /usr/lib/gcc/avr/4.8.2/avr5/libgcc.a(_tablejump.o)
__vector_1                                        /usr/lib/gcc/avr/4.8.2/../../../avr/lib/avr5/crtm32u4.o
__vector_10                                       lib-other/pjrc/usb_keyboard/usb_keyboard.o
                                                  /usr/lib/gcc/avr/4.8.2/../../../avr/lib/avr5/crtm32u4.o
__vector_11                                       lib-other/pjrc/usb_keyboard/usb_keyboard.o
                                                  /usr/lib/gcc/avr/4.8.2/../../../avr/lib/avr5/crtm32u4.o
__vector_12                                       /usr/lib/gcc/avr/4.8.2/../../../avr/lib/avr5/crtm32u4.o
__vector_13                                       /usr/lib/gcc/avr/4.8.2/../../../avr/lib/avr5/crtm32u4.o
__vector_14                                       /usr/lib/gcc/avr/4.8.2/../../../avr/lib/avr5/crtm32u4.o
__vector_15                                       /usr/lib/gcc/avr/4.8.2/../../../avr/lib/avr5/crtm32u4.o
__vector_16                                       /usr/lib/gcc/avr/4.8.2/../../../avr/lib/avr5/crtm32u4.o
__vector_17                                       /usr/lib/gcc/avr/4.8.2/../../../avr/lib/avr5/crtm32u4.o
__vector_18                                       /usr/lib/gcc/avr/4.8.2/../../../avr/lib/avr5/crtm32u4.o
__vector_19                                       /usr/lib/gcc/avr/4.8.2/../../../avr/lib/avr5/crtm32u4.o
__vector_2                                        /usr/lib/gcc/avr/4.8.2/../../../avr/lib/avr5/crtm32u4.o
__vector_20                                       /usr/lib/gcc/avr/4.8.2/../../../avr/lib/avr5/crtm32u4.o
__vector_21                                       /usr/lib/gcc/avr/4.8.2/../../../avr/lib/avr5/crtm32u4.o
__vector_22                                       /usr/lib/gcc/avr/4.8.2/../../../avr/lib/avr5/crtm32u4.o
__vector_23                                       /usr/lib/gcc/avr/4.8.2/../../../avr/lib/avr5/crtm32u4.o
__vector_24                                       /usr/lib/gcc/avr/4.8.2/../../../avr/lib/avr5/crtm32u4.o
__vector_25                                       /usr/lib/gcc/avr/4.8.2/../../../avr/lib/avr5/crtm32u4.o
__vector_26                                       /usr/lib/gcc/avr/4.8.2/../../../avr/lib/avr5/crtm32u4.o
__vector_27                                       /usr/lib/gcc/avr/4.8.2/../../../avr/lib/avr5/crtm32u4.o
__vector_28                                       /usr/lib/gcc/avr/4.8.2/../../../avr/lib/avr5/crtm32u4.o
__vector_29                                       /usr/lib/gcc/avr/4.8.2/../../../avr/lib/avr5/crtm32u4.o
__vector_3                                        /usr/lib/gcc/avr/4.8.2/../../../avr/lib/avr5/crtm32u4.o
__vector_30                                       /usr/lib/gcc/avr/4.8.2/../../../avr/lib/avr5/crtm32u4.o
__vector_31                                       /usr/lib/gcc/avr/4.8.2/../../../avr/lib/avr5/crtm32u4.o
__vector_32                                       /usr/lib/gcc/avr/4.8.2/../../../avr/lib/avr5/crtm32u4.o
__vector_33                                       /usr/lib/gcc/avr/4.8.2/../../../avr/lib/avr5/crtm32u4.o
__vector_34                                       /usr/lib/gcc/avr/4.8.2/../../../avr/lib/avr5/crtm32u4.o
__vector_35                                       /usr/lib/gcc/avr/4.8.2/../../../avr/lib/avr5/crtm32u4.o
__vector_36                                       /usr/lib/gcc/avr/4.8.2/../../../avr/lib/avr5/crtm32u4.o
__vector_37                                       /usr/lib/gcc/avr/4.8.2/../../../avr/lib/avr5/crtm32u4.o
__vector_38                                       /usr/lib/gcc/avr/4.8.2/../../../avr/lib/avr5/crtm32u4.o
__vector_39                                       /usr/lib/gcc/avr/4.8.2/../../../avr/lib/avr5/crtm32u4.o
__vector_4                                        /usr/lib/gcc/avr/4.8.2/../../../avr/lib/avr5/crtm32u4.o
__vector_40                                       /usr/lib/gcc/avr/4.8.2/../../../avr/lib/avr5/crtm32u4.o
__vector_41                                       /usr/lib/gcc/avr/4.8.2/../../../avr/lib/avr5/crtm32u4.o
__vector_42                                       /usr/lib/gcc/avr/4.8.2/../../../avr/lib/avr5/crtm32u4.o
__vector_5                                        /usr/lib/gcc/avr/4.8.2/../../../avr/lib/avr5/crtm32u4.o
__vector_6                                        /usr/lib/gcc/avr/4.8.2/../../../avr/lib/avr5/crtm32u4.o
__vector_7                                        /usr/lib/gcc/avr/4.8.2/../../../avr/lib/avr5/crtm32u4.o
__vector_8                                        /usr/lib/gcc/avr/4.8.2/../../../avr/lib/avr5/crtm32u4.o
__vector_9                                        /usr/lib/gcc/avr/4.8.2/../../../avr/lib/avr5/crtm32u4.o
__vector_default                                  /usr/lib/gcc/avr/4.8.2/../../../avr/lib/avr5/crtm32u4.o
__vectors                                         /usr/lib/gcc/avr/4.8.2/../../../avr/lib/avr5/crtm32u4.o
_exit                                             /usr/lib/gcc/avr/4.8.2/avr5/libgcc.a(_exit.o)
_kb_layout                                        keyboard/dactyl/layout/qwerty-kinesis-mod.o
                                                  lib/key-functions/public/special.o
                                                  lib/key-functions/public/basic.o
_kb_layout_press                                  keyboard/dactyl/layout/qwerty-kinesis-mod.o
                                                  main.o
_kb_layout_release                                keyboard/dactyl/layout/qwerty-kinesis-mod.o
                                                  main.o
_kbfun_is_pressed                                 lib/key-functions/private.o
                                                  lib/key-functions/public/special.o
                                                  lib/key-functions/public/basic.o
_kbfun_mediakey_press_release                     lib/key-functions/private.o
                                                  lib/key-functions/public/special.o
_kbfun_press_release                              lib/key-functions/private.o
                                                  lib/key-functions/public/special.o
                                                  lib/key-functions/public/basic.o
consumer_key                                      lib-other/pjrc/usb_keyboard/usb_keyboard.o
                                                  lib/key-functions/private.o
exit                                              /usr/lib/gcc/avr/4.8.2/avr5/libgcc.a(_exit.o)
                                                  /usr/lib/gcc/avr/4.8.2/../../../avr/lib/avr5/crtm32u4.o
kb_init                                           keyboard/dactyl/controller.o
                                                  main.o
kb_update_matrix                                  keyboard/dactyl/controller.o
                                                  main.o
kbfun_2_keys_capslock_press_release               lib/key-functions/public/special.o
                                                  keyboard/dactyl/layout/qwerty-kinesis-mod.o
kbfun_jump_to_bootloader                          lib/key-functions/public/device.o
                                                  keyboard/dactyl/layout/qwerty-kinesis-mod.o
kbfun_layer_pop_1                                 lib/key-functions/public/basic.o
                                                  keyboard/dactyl/layout/qwerty-kinesis-mod.o
kbfun_layer_pop_10                                lib/key-functions/public/basic.o
                                                  keyboard/dactyl/layout/qwerty-kinesis-mod.o
kbfun_layer_pop_2                                 lib/key-functions/public/basic.o
                                                  keyboard/dactyl/layout/qwerty-kinesis-mod.o
kbfun_layer_pop_3                                 lib/key-functions/public/basic.o
                                                  keyboard/dactyl/layout/qwerty-kinesis-mod.o
kbfun_layer_pop_4                                 lib/key-functions/public/basic.o
                                                  keyboard/dactyl/layout/qwerty-kinesis-mod.o
kbfun_layer_pop_5                                 lib/key-functions/public/basic.o
                                                  keyboard/dactyl/layout/qwerty-kinesis-mod.o
kbfun_layer_pop_6                                 lib/key-functions/public/basic.o
                                                  keyboard/dactyl/layout/qwerty-kinesis-mod.o
kbfun_layer_pop_7                                 lib/key-functions/public/basic.o
                                                  keyboard/dactyl/layout/qwerty-kinesis-mod.o
kbfun_layer_pop_8                                 lib/key-functions/public/basic.o
                                                  keyboard/dactyl/layout/qwerty-kinesis-mod.o
kbfun_layer_pop_9                                 lib/key-functions/public/basic.o
                                                  keyboard/dactyl/layout/qwerty-kinesis-mod.o
kbfun_layer_pop_numpad                            lib/key-functions/public/special.o
                                                  keyboard/dactyl/layout/qwerty-kinesis-mod.o
kbfun_layer_push_1                                lib/key-functions/public/basic.o
                                                  keyboard/dactyl/layout/qwerty-kinesis-mod.o
kbfun_layer_push_10                               lib/key-functions/public/basic.o
                                                  keyboard/dactyl/layout/qwerty-kinesis-mod.o
kbfun_layer_push_2                                lib/key-functions/public/basic.o
                                                  keyboard/dactyl/layout/qwerty-kinesis-mod.o
kbfun_layer_push_3                                lib/key-functions/public/basic.o
                                                  keyboard/dactyl/layout/qwerty-kinesis-mod.o
kbfun_layer_push_4                                lib/key-functions/public/basic.o
                                                  keyboard/dactyl/layout/qwerty-kinesis-mod.o
kbfun_layer_push_5                                lib/key-functions/public/basic.o
                                                  keyboard/dactyl/layout/qwerty-kinesis-mod.o
kbfun_layer_push_6                                lib/key-functions/public/basic.o
                                                  keyboard/dactyl/layout/qwerty-kinesis-mod.o
kbfun_layer_push_7                                lib/key-functions/public/basic.o
                                                  keyboard/dactyl/layout/qwerty-kinesis-mod.o
kbfun_layer_push_8                                lib/key-functions/public/basic.o
                                                  keyboard/dactyl/layout/qwerty-kinesis-mod.o
kbfun_layer_push_9                                lib/key-functions/public/basic.o
                                                  keyboard/dactyl/layout/qwerty-kinesis-mod.o
kbfun_layer_push_numpad                           lib/key-functions/public/special.o
                                                  keyboard/dactyl/layout/qwerty-kinesis-mod.o
kbfun_layer_sticky_1                              lib/key-functions/public/basic.o
kbfun_layer_sticky_10                             lib/key-functions/public/basic.o
kbfun_layer_sticky_2                              lib/key-functions/public/basic.o
kbfun_layer_sticky_3                              lib/key-functions/public/basic.o
kbfun_layer_sticky_4                              lib/key-functions/public/basic.o
kbfun_layer_sticky_5                              lib/key-functions/public/basic.o
kbfun_layer_sticky_6                              lib/key-functions/public/basic.o
kbfun_layer_sticky_7                              lib/key-functions/public/basic.o
kbfun_layer_sticky_8                              lib/key-functions/public/basic.o
kbfun_layer_sticky_9                              lib/key-functions/public/basic.o
kbfun_layer_toggle_1                              lib/key-functions/public/basic.o
kbfun_layer_toggle_10                             lib/key-functions/public/basic.o
kbfun_layer_toggle_2                              lib/key-functions/public/basic.o
kbfun_layer_toggle_3                              lib/key-functions/public/basic.o
kbfun_layer_toggle_4                              lib/key-functions/public/basic.o
kbfun_layer_toggle_5                              lib/key-functions/public/basic.o
kbfun_layer_toggle_6                              lib/key-functions/public/basic.o
kbfun_layer_toggle_7                              lib/key-functions/public/basic.o
kbfun_layer_toggle_8                              lib/key-functions/public/basic.o
kbfun_layer_toggle_9                              lib/key-functions/public/basic.o
kbfun_mediakey_press_release                      lib/key-functions/public/special.o
kbfun_press_release                               lib/key-functions/public/basic.o
                                                  lib/key-functions/public/special.o
                                                  keyboard/dactyl/layout/qwerty-kinesis-mod.o
kbfun_press_release_preserve_sticky               lib/key-functions/public/basic.o
kbfun_shift_press_release                         lib/key-functions/public/special.o
                                                  keyboard/dactyl/layout/qwerty-kinesis-mod.o
kbfun_toggle                                      lib/key-functions/public/basic.o
                                                  keyboard/dactyl/layout/qwerty-kinesis-mod.o
kbfun_transparent                                 lib/key-functions/public/basic.o
                                                  keyboard/dactyl/layout/qwerty-kinesis-mod.o
keyboard_keys                                     lib-other/pjrc/usb_keyboard/usb_keyboard.o
                                                  lib/key-functions/private.o
keyboard_leds                                     lib-other/pjrc/usb_keyboard/usb_keyboard.o
                                                  main.o
keyboard_modifier_keys                            lib-other/pjrc/usb_keyboard/usb_keyboard.o
                                                  lib/key-functions/private.o
last_consumer_key                                 lib-other/pjrc/usb_keyboard/usb_keyboard.o
layers                                            main.o
layers_head                                       main.o
layers_ids_in_use                                 main.o
main                                              main.o
                                                  /usr/lib/gcc/avr/4.8.2/../../../avr/lib/avr5/crtm32u4.o
main_arg_any_non_trans_key_pressed                lib/key-functions/public/basic.o
                                                  main.o
main_arg_col                                      lib/key-functions/public/special.o
                                                  lib/key-functions/public/basic.o
                                                  main.o
main_arg_is_pressed                               lib/key-functions/public/special.o
                                                  lib/key-functions/public/basic.o
                                                  main.o
main_arg_layer                                    lib/key-functions/public/special.o
                                                  lib/key-functions/public/basic.o
                                                  main.o
main_arg_layer_offset                             lib/key-functions/public/basic.o
                                                  main.o
main_arg_row                                      lib/key-functions/public/special.o
                                                  lib/key-functions/public/basic.o
                                                  main.o
main_arg_trans_key_pressed                        lib/key-functions/public/basic.o
                                                  main.o
main_arg_was_pressed                              main.o
main_exec_key                                     main.o
                                                  lib/key-functions/public/basic.o
main_kb_is_pressed                                main.o
main_kb_was_pressed                               main.o
main_layers_peek                                  main.o
                                                  lib/key-functions/public/basic.o
main_layers_peek_sticky                           main.o
                                                  lib/key-functions/public/basic.o
main_layers_pop_id                                main.o
                                                  lib/key-functions/public/special.o
                                                  lib/key-functions/public/basic.o
main_layers_pressed                               lib/key-functions/public/basic.o
                                                  main.o
main_layers_push                                  main.o
                                                  lib/key-functions/public/special.o
                                                  lib/key-functions/public/basic.o
main_loop_col                                     main.o
main_loop_row                                     main.o
mcp23018_init                                     keyboard/dactyl/controller/mcp23018.o
                                                  keyboard/dactyl/controller.o
mcp23018_update_matrix                            keyboard/dactyl/controller/mcp23018.o
                                                  keyboard/dactyl/controller.o
teensy_init                                       keyboard/dactyl/controller/teensy-2-0.o
                                                  keyboard/dactyl/controller.o
teensy_update_matrix                              keyboard/dactyl/controller/teensy-2-0.o
                                                  keyboard/dactyl/controller.o
twi_init                                          lib/twi/teensy-2-0.o
                                                  keyboard/dactyl/controller/teensy-2-0.o
twi_read                                          lib/twi/teensy-2-0.o
                                                  keyboard/dactyl/controller/mcp23018.o
twi_send                                          lib/twi/teensy-2-0.o
                                                  keyboard/dactyl/controller/mcp23018.o
twi_start                                         lib/twi/teensy-2-0.o
                                                  keyboard/dactyl/controller/mcp23018.o
twi_stop                                          lib/twi/teensy-2-0.o
                                                  keyboard/dactyl/controller/mcp23018.o
usb_configured                                    lib-other/pjrc/usb_keyboard/usb_keyboard.o
                                                  main.o
usb_extra_consumer_send                           lib-other/pjrc/usb_keyboard/usb_keyboard.o
                                                  main.o
usb_extra_send                                    lib-other/pjrc/usb_keyboard/usb_keyboard.o
usb_init                                          lib-other/pjrc/usb_keyboard/usb_keyboard.o
                                                  main.o
usb_keyboard_press                                lib-other/pjrc/usb_keyboard/usb_keyboard.o
usb_keyboard_send                                 lib-other/pjrc/usb_keyboard/usb_keyboard.o
                                                  lib/key-functions/public/special.o
                                                  main.o
