Archive member included because of file (symbol)

c:/winavr-20100110/bin/../lib/gcc/avr/4.3.3/avr5\libgcc.a(_exit.o)
                              c:/winavr-20100110/bin/../lib/gcc/avr/4.3.3/../../../../avr/lib/avr5/crtm32u4.o (exit)
c:/winavr-20100110/bin/../lib/gcc/avr/4.3.3/avr5\libgcc.a(_copy_data.o)
                              main.o (__do_copy_data)
c:/winavr-20100110/bin/../lib/gcc/avr/4.3.3/avr5\libgcc.a(_clear_bss.o)
                              main.o (__do_clear_bss)

Allocating common symbols
Common symbol       size              file

main_loop_row       0x1               main.o
main_arg_any_non_trans_key_pressed
                    0x1               main.o
main_layers_pressed
                    0x54              main.o
consumer_key        0x2               lib-other/pjrc/usb_keyboard/usb_keyboard.o
main_arg_row        0x1               main.o
main_arg_layer      0x1               main.o
layers              0x3c              main.o
main_arg_was_pressed
                    0x1               main.o
main_arg_trans_key_pressed
                    0x1               main.o
main_arg_is_pressed
                    0x1               main.o
main_loop_col       0x1               main.o
main_arg_layer_offset
                    0x1               main.o
last_consumer_key   0x2               lib-other/pjrc/usb_keyboard/usb_keyboard.o
main_arg_col        0x1               main.o

Discarded input sections

 .data          0x00000000        0x0 c:/winavr-20100110/bin/../lib/gcc/avr/4.3.3/../../../../avr/lib/avr5/crtm32u4.o
 .bss           0x00000000        0x0 c:/winavr-20100110/bin/../lib/gcc/avr/4.3.3/../../../../avr/lib/avr5/crtm32u4.o
 .text          0x00000000        0x0 main.o
 .data          0x00000000        0x0 main.o
 .bss           0x00000000        0x0 main.o
 .text          0x00000000        0x0 keyboard/dactyl/controller.o
 .data          0x00000000        0x0 keyboard/dactyl/controller.o
 .bss           0x00000000        0x0 keyboard/dactyl/controller.o
 .text          0x00000000        0x0 keyboard/dactyl/controller/mcp23018.o
 .data          0x00000000        0x0 keyboard/dactyl/controller/mcp23018.o
 .bss           0x00000000        0x0 keyboard/dactyl/controller/mcp23018.o
 .text          0x00000000        0x0 keyboard/dactyl/controller/teensy-2-0.o
 .data          0x00000000        0x0 keyboard/dactyl/controller/teensy-2-0.o
 .bss           0x00000000        0x0 keyboard/dactyl/controller/teensy-2-0.o
 .text          0x00000000        0x0 keyboard/dactyl/layout/qwerty-kinesis-mod.o
 .data          0x00000000        0x0 keyboard/dactyl/layout/qwerty-kinesis-mod.o
 .bss           0x00000000        0x0 keyboard/dactyl/layout/qwerty-kinesis-mod.o
 .text          0x00000000        0x0 lib/key-functions/private.o
 .data          0x00000000        0x0 lib/key-functions/private.o
 .bss           0x00000000        0x0 lib/key-functions/private.o
 .text._kbfun_mediakey_press_release
                0x00000000        0x0 lib/key-functions/private.o
 .rodata._media_code_lookup_table
                0x00000000        0x0 lib/key-functions/private.o
 .text          0x00000000        0x0 lib/twi/teensy-2-0.o
 .data          0x00000000        0x0 lib/twi/teensy-2-0.o
 .bss           0x00000000        0x0 lib/twi/teensy-2-0.o
 .text          0x00000000        0x0 lib/usb/TODO.o
 .data          0x00000000        0x0 lib/usb/TODO.o
 .bss           0x00000000        0x0 lib/usb/TODO.o
 .text          0x00000000        0x0 lib/key-functions/public/basic.o
 .data          0x00000000        0x0 lib/key-functions/public/basic.o
 .bss           0x00000000        0x0 lib/key-functions/public/basic.o
 .text.layer_toggle
                0x00000000        0x0 lib/key-functions/public/basic.o
 .text.kbfun_layer_toggle_10
                0x00000000        0x0 lib/key-functions/public/basic.o
 .text.kbfun_layer_toggle_9
                0x00000000        0x0 lib/key-functions/public/basic.o
 .text.kbfun_layer_toggle_8
                0x00000000        0x0 lib/key-functions/public/basic.o
 .text.kbfun_layer_toggle_7
                0x00000000        0x0 lib/key-functions/public/basic.o
 .text.kbfun_layer_toggle_6
                0x00000000        0x0 lib/key-functions/public/basic.o
 .text.kbfun_layer_toggle_5
                0x00000000        0x0 lib/key-functions/public/basic.o
 .text.kbfun_layer_toggle_4
                0x00000000        0x0 lib/key-functions/public/basic.o
 .text.kbfun_layer_toggle_3
                0x00000000        0x0 lib/key-functions/public/basic.o
 .text.kbfun_layer_toggle_2
                0x00000000        0x0 lib/key-functions/public/basic.o
 .text.kbfun_layer_toggle_1
                0x00000000        0x0 lib/key-functions/public/basic.o
 .text.layer_sticky
                0x00000000        0x0 lib/key-functions/public/basic.o
 .text.kbfun_layer_sticky_10
                0x00000000        0x0 lib/key-functions/public/basic.o
 .text.kbfun_layer_sticky_9
                0x00000000        0x0 lib/key-functions/public/basic.o
 .text.kbfun_layer_sticky_8
                0x00000000        0x0 lib/key-functions/public/basic.o
 .text.kbfun_layer_sticky_7
                0x00000000        0x0 lib/key-functions/public/basic.o
 .text.kbfun_layer_sticky_6
                0x00000000        0x0 lib/key-functions/public/basic.o
 .text.kbfun_layer_sticky_5
                0x00000000        0x0 lib/key-functions/public/basic.o
 .text.kbfun_layer_sticky_4
                0x00000000        0x0 lib/key-functions/public/basic.o
 .text.kbfun_layer_sticky_3
                0x00000000        0x0 lib/key-functions/public/basic.o
 .text.kbfun_layer_sticky_2
                0x00000000        0x0 lib/key-functions/public/basic.o
 .text.kbfun_layer_sticky_1
                0x00000000        0x0 lib/key-functions/public/basic.o
 .text          0x00000000        0x0 lib/key-functions/public/device.o
 .data          0x00000000        0x0 lib/key-functions/public/device.o
 .bss           0x00000000        0x0 lib/key-functions/public/device.o
 .text          0x00000000        0x0 lib/key-functions/public/special.o
 .data          0x00000000        0x0 lib/key-functions/public/special.o
 .bss           0x00000000        0x0 lib/key-functions/public/special.o
 .text.kbfun_mediakey_press_release
                0x00000000        0x0 lib/key-functions/public/special.o
 .text          0x00000000        0x0 lib-other/pjrc/usb_keyboard/usb_keyboard.o
 .data          0x00000000        0x0 lib-other/pjrc/usb_keyboard/usb_keyboard.o
 .bss           0x00000000        0x0 lib-other/pjrc/usb_keyboard/usb_keyboard.o
 .text.usb_keyboard_press
                0x00000000        0x0 lib-other/pjrc/usb_keyboard/usb_keyboard.o
 .text          0x00000000        0x0 c:/winavr-20100110/bin/../lib/gcc/avr/4.3.3/avr5\libgcc.a(_exit.o)
 .data          0x00000000        0x0 c:/winavr-20100110/bin/../lib/gcc/avr/4.3.3/avr5\libgcc.a(_exit.o)
 .bss           0x00000000        0x0 c:/winavr-20100110/bin/../lib/gcc/avr/4.3.3/avr5\libgcc.a(_exit.o)
 .text.libgcc   0x00000000        0x0 c:/winavr-20100110/bin/../lib/gcc/avr/4.3.3/avr5\libgcc.a(_exit.o)
 .text          0x00000000        0x0 c:/winavr-20100110/bin/../lib/gcc/avr/4.3.3/avr5\libgcc.a(_copy_data.o)
 .data          0x00000000        0x0 c:/winavr-20100110/bin/../lib/gcc/avr/4.3.3/avr5\libgcc.a(_copy_data.o)
 .bss           0x00000000        0x0 c:/winavr-20100110/bin/../lib/gcc/avr/4.3.3/avr5\libgcc.a(_copy_data.o)
 .text.libgcc   0x00000000        0x0 c:/winavr-20100110/bin/../lib/gcc/avr/4.3.3/avr5\libgcc.a(_copy_data.o)
 .text          0x00000000        0x0 c:/winavr-20100110/bin/../lib/gcc/avr/4.3.3/avr5\libgcc.a(_clear_bss.o)
 .data          0x00000000        0x0 c:/winavr-20100110/bin/../lib/gcc/avr/4.3.3/avr5\libgcc.a(_clear_bss.o)
 .bss           0x00000000        0x0 c:/winavr-20100110/bin/../lib/gcc/avr/4.3.3/avr5\libgcc.a(_clear_bss.o)
 .text.libgcc   0x00000000        0x0 c:/winavr-20100110/bin/../lib/gcc/avr/4.3.3/avr5\libgcc.a(_clear_bss.o)

Memory Configuration

Name             Origin             Length             Attributes
text             0x00000000         0x00020000         xr
data             0x00800060         0x0000ffa0         rw !x
eeprom           0x00810000         0x00010000         rw !x
fuse             0x00820000         0x00000400         rw !x
lock             0x00830000         0x00000400         rw !x
signature        0x00840000         0x00000400         rw !x
*default*        0x00000000         0xffffffff

Linker script and memory map

Address of section .data set to 0x800100
LOAD c:/winavr-20100110/bin/../lib/gcc/avr/4.3.3/../../../../avr/lib/avr5/crtm32u4.o
LOAD main.o
LOAD keyboard/dactyl/controller.o
LOAD keyboard/dactyl/controller/mcp23018.o
LOAD keyboard/dactyl/controller/teensy-2-0.o
LOAD keyboard/dactyl/layout/qwerty-kinesis-mod.o
LOAD lib/key-functions/private.o
LOAD lib/twi/teensy-2-0.o
LOAD lib/usb/TODO.o
LOAD lib/key-functions/public/basic.o
LOAD lib/key-functions/public/device.o
LOAD lib/key-functions/public/special.o
LOAD lib-other/pjrc/usb_keyboard/usb_keyboard.o
LOAD c:/winavr-20100110/bin/../lib/gcc/avr/4.3.3/avr5\libgcc.a
LOAD c:/winavr-20100110/bin/../lib/gcc/avr/4.3.3/../../../../avr/lib/avr5\libc.a
LOAD c:/winavr-20100110/bin/../lib/gcc/avr/4.3.3/avr5\libgcc.a

.hash
 *(.hash)

.dynsym
 *(.dynsym)

.dynstr
 *(.dynstr)

.gnu.version
 *(.gnu.version)

.gnu.version_d
 *(.gnu.version_d)

.gnu.version_r
 *(.gnu.version_r)

.rel.init
 *(.rel.init)

.rela.init
 *(.rela.init)

.rel.text
 *(.rel.text)
 *(.rel.text.*)
 *(.rel.gnu.linkonce.t*)

.rela.text
 *(.rela.text)
 *(.rela.text.*)
 *(.rela.gnu.linkonce.t*)

.rel.fini
 *(.rel.fini)

.rela.fini
 *(.rela.fini)

.rel.rodata
 *(.rel.rodata)
 *(.rel.rodata.*)
 *(.rel.gnu.linkonce.r*)

.rela.rodata
 *(.rela.rodata)
 *(.rela.rodata.*)
 *(.rela.gnu.linkonce.r*)

.rel.data
 *(.rel.data)
 *(.rel.data.*)
 *(.rel.gnu.linkonce.d*)

.rela.data
 *(.rela.data)
 *(.rela.data.*)
 *(.rela.gnu.linkonce.d*)

.rel.ctors
 *(.rel.ctors)

.rela.ctors
 *(.rela.ctors)

.rel.dtors
 *(.rel.dtors)

.rela.dtors
 *(.rela.dtors)

.rel.got
 *(.rel.got)

.rela.got
 *(.rela.got)

.rel.bss
 *(.rel.bss)

.rela.bss
 *(.rela.bss)

.rel.plt
 *(.rel.plt)

.rela.plt
 *(.rela.plt)

.text           0x00000000     0x2804
 *(.vectors)
 .vectors       0x00000000       0xac c:/winavr-20100110/bin/../lib/gcc/avr/4.3.3/../../../../avr/lib/avr5/crtm32u4.o
                0x00000000                __vectors
                0x00000000                __vector_default
 *(.vectors)
 *(.progmem.gcc*)
 *(.progmem*)
 .progmem.data  0x000000ac     0x1068 keyboard/dactyl/layout/qwerty-kinesis-mod.o
                0x00000a84                _kb_layout_release
                0x000003f4                _kb_layout_press
                0x000000ac                _kb_layout
 .progmem.data  0x00001114      0x141 lib-other/pjrc/usb_keyboard/usb_keyboard.o
                0x00001256                . = ALIGN (0x2)
 *fill*         0x00001255        0x1 00
                0x00001256                __trampolines_start = .
 *(.trampolines)
 .trampolines   0x00001256        0x0 linker stubs
 *(.trampolines*)
                0x00001256                __trampolines_end = .
 *(.jumptables)
 *(.jumptables*)
 *(.lowtext)
 *(.lowtext*)
                0x00001256                __ctors_start = .
 *(.ctors)
                0x00001256                __ctors_end = .
                0x00001256                __dtors_start = .
 *(.dtors)
                0x00001256                __dtors_end = .
 SORT(*)(.ctors)
 SORT(*)(.dtors)
 *(.init0)
 .init0         0x00001256        0x0 c:/winavr-20100110/bin/../lib/gcc/avr/4.3.3/../../../../avr/lib/avr5/crtm32u4.o
                0x00001256                __init
 *(.init0)
 *(.init1)
 *(.init1)
 *(.init2)
 .init2         0x00001256        0xc c:/winavr-20100110/bin/../lib/gcc/avr/4.3.3/../../../../avr/lib/avr5/crtm32u4.o
 *(.init2)
 *(.init3)
 *(.init3)
 *(.init4)
 .init4         0x00001262       0x16 c:/winavr-20100110/bin/../lib/gcc/avr/4.3.3/avr5\libgcc.a(_copy_data.o)
                0x00001262                __do_copy_data
 .init4         0x00001278       0x10 c:/winavr-20100110/bin/../lib/gcc/avr/4.3.3/avr5\libgcc.a(_clear_bss.o)
                0x00001278                __do_clear_bss
 *(.init4)
 *(.init5)
 *(.init5)
 *(.init6)
 *(.init6)
 *(.init7)
 *(.init7)
 *(.init8)
 *(.init8)
 *(.init9)
 .init9         0x00001288        0x6 c:/winavr-20100110/bin/../lib/gcc/avr/4.3.3/../../../../avr/lib/avr5/crtm32u4.o
 *(.init9)
 *(.text)
 .text          0x0000128e        0x4 c:/winavr-20100110/bin/../lib/gcc/avr/4.3.3/../../../../avr/lib/avr5/crtm32u4.o
                0x0000128e                __vector_38
                0x0000128e                __vector_22
                0x0000128e                __vector_28
                0x0000128e                __vector_1
                0x0000128e                __vector_32
                0x0000128e                __vector_34
                0x0000128e                __vector_24
                0x0000128e                __vector_12
                0x0000128e                __bad_interrupt
                0x0000128e                __vector_6
                0x0000128e                __vector_31
                0x0000128e                __vector_35
                0x0000128e                __vector_39
                0x0000128e                __vector_3
                0x0000128e                __vector_23
                0x0000128e                __vector_30
                0x0000128e                __vector_25
                0x0000128e                __vector_13
                0x0000128e                __vector_17
                0x0000128e                __vector_19
                0x0000128e                __vector_7
                0x0000128e                __vector_41
                0x0000128e                __vector_27
                0x0000128e                __vector_5
                0x0000128e                __vector_33
                0x0000128e                __vector_37
                0x0000128e                __vector_4
                0x0000128e                __vector_9
                0x0000128e                __vector_2
                0x0000128e                __vector_21
                0x0000128e                __vector_15
                0x0000128e                __vector_36
                0x0000128e                __vector_29
                0x0000128e                __vector_40
                0x0000128e                __vector_8
                0x0000128e                __vector_26
                0x0000128e                __vector_14
                0x0000128e                __vector_16
                0x0000128e                __vector_18
                0x0000128e                __vector_20
                0x0000128e                __vector_42
                0x00001292                . = ALIGN (0x2)
 *(.text.*)
 .text.main_layers_peek
                0x00001292       0x26 main.o
                0x00001292                main_layers_peek
 .text.main_layers_peek_sticky
                0x000012b8       0x26 main.o
                0x000012b8                main_layers_peek_sticky
 .text.main_layers_push
                0x000012de       0x4a main.o
                0x000012de                main_layers_push
 .text.main_layers_pop_id
                0x00001328       0x8a main.o
                0x00001328                main_layers_pop_id
 .text.main_exec_key
                0x000013b2       0x98 main.o
                0x000013b2                main_exec_key
 .text.main     0x0000144a      0x278 main.o
                0x0000144a                main
 .text.kb_update_matrix
                0x000016c2       0x1e keyboard/dactyl/controller.o
                0x000016c2                kb_update_matrix
 .text.kb_init  0x000016e0       0x12 keyboard/dactyl/controller.o
                0x000016e0                kb_init
 .text.mcp23018_init
                0x000016f2       0x56 keyboard/dactyl/controller/mcp23018.o
                0x000016f2                mcp23018_init
 .text.mcp23018_update_matrix
                0x00001748       0xfc keyboard/dactyl/controller/mcp23018.o
                0x00001748                mcp23018_update_matrix
 .text.teensy_update_matrix
                0x00001844      0x400 keyboard/dactyl/controller/teensy-2-0.o
                0x00001844                teensy_update_matrix
 .text.teensy_init
                0x00001c44      0x14a keyboard/dactyl/controller/teensy-2-0.o
                0x00001c44                teensy_init
 .text._kbfun_press_release
                0x00001d8e       0xe8 lib/key-functions/private.o
                0x00001d8e                _kbfun_press_release
 .text._kbfun_is_pressed
                0x00001e76       0x86 lib/key-functions/private.o
                0x00001e76                _kbfun_is_pressed
 .text.twi_init
                0x00001efc       0x12 lib/twi/teensy-2-0.o
                0x00001efc                twi_init
 .text.twi_start
                0x00001f0e       0x2e lib/twi/teensy-2-0.o
                0x00001f0e                twi_start
 .text.twi_stop
                0x00001f3c       0x10 lib/twi/teensy-2-0.o
                0x00001f3c                twi_stop
 .text.twi_send
                0x00001f4c       0x3c lib/twi/teensy-2-0.o
                0x00001f4c                twi_send
 .text.twi_read
                0x00001f88       0x2c lib/twi/teensy-2-0.o
                0x00001f88                twi_read
 .text.layer_pop
                0x00001fb4       0x1c lib/key-functions/public/basic.o
 .text.kbfun_layer_pop_10
                0x00001fd0        0x4 lib/key-functions/public/basic.o
                0x00001fd0                kbfun_layer_pop_10
 .text.kbfun_layer_pop_9
                0x00001fd4        0x4 lib/key-functions/public/basic.o
                0x00001fd4                kbfun_layer_pop_9
 .text.kbfun_layer_pop_8
                0x00001fd8        0x4 lib/key-functions/public/basic.o
                0x00001fd8                kbfun_layer_pop_8
 .text.kbfun_layer_pop_7
                0x00001fdc        0x4 lib/key-functions/public/basic.o
                0x00001fdc                kbfun_layer_pop_7
 .text.kbfun_layer_pop_6
                0x00001fe0        0x4 lib/key-functions/public/basic.o
                0x00001fe0                kbfun_layer_pop_6
 .text.kbfun_layer_pop_5
                0x00001fe4        0x4 lib/key-functions/public/basic.o
                0x00001fe4                kbfun_layer_pop_5
 .text.kbfun_layer_pop_4
                0x00001fe8        0x4 lib/key-functions/public/basic.o
                0x00001fe8                kbfun_layer_pop_4
 .text.kbfun_layer_pop_3
                0x00001fec        0x4 lib/key-functions/public/basic.o
                0x00001fec                kbfun_layer_pop_3
 .text.kbfun_layer_pop_2
                0x00001ff0        0x4 lib/key-functions/public/basic.o
                0x00001ff0                kbfun_layer_pop_2
 .text.kbfun_layer_pop_1
                0x00001ff4        0x4 lib/key-functions/public/basic.o
                0x00001ff4                kbfun_layer_pop_1
 .text.layer_push
                0x00001ff8       0x5a lib/key-functions/public/basic.o
 .text.kbfun_layer_push_10
                0x00002052        0x4 lib/key-functions/public/basic.o
                0x00002052                kbfun_layer_push_10
 .text.kbfun_layer_push_9
                0x00002056        0x4 lib/key-functions/public/basic.o
                0x00002056                kbfun_layer_push_9
 .text.kbfun_layer_push_8
                0x0000205a        0x4 lib/key-functions/public/basic.o
                0x0000205a                kbfun_layer_push_8
 .text.kbfun_layer_push_7
                0x0000205e        0x4 lib/key-functions/public/basic.o
                0x0000205e                kbfun_layer_push_7
 .text.kbfun_layer_push_6
                0x00002062        0x4 lib/key-functions/public/basic.o
                0x00002062                kbfun_layer_push_6
 .text.kbfun_layer_push_5
                0x00002066        0x4 lib/key-functions/public/basic.o
                0x00002066                kbfun_layer_push_5
 .text.kbfun_layer_push_4
                0x0000206a        0x4 lib/key-functions/public/basic.o
                0x0000206a                kbfun_layer_push_4
 .text.kbfun_layer_push_3
                0x0000206e        0x4 lib/key-functions/public/basic.o
                0x0000206e                kbfun_layer_push_3
 .text.kbfun_layer_push_2
                0x00002072        0x4 lib/key-functions/public/basic.o
                0x00002072                kbfun_layer_push_2
 .text.kbfun_layer_push_1
                0x00002076        0x4 lib/key-functions/public/basic.o
                0x00002076                kbfun_layer_push_1
 .text.kbfun_transparent
                0x0000207a       0x40 lib/key-functions/public/basic.o
                0x0000207a                kbfun_transparent
 .text.kbfun_toggle
                0x000020ba       0x42 lib/key-functions/public/basic.o
                0x000020ba                kbfun_toggle
 .text.kbfun_press_release_preserve_sticky
                0x000020fc       0x32 lib/key-functions/public/basic.o
                0x000020fc                kbfun_press_release_preserve_sticky
 .text.kbfun_press_release
                0x0000212e       0x10 lib/key-functions/public/basic.o
                0x0000212e                kbfun_press_release
 .text.kbfun_jump_to_bootloader
                0x0000213e       0x60 lib/key-functions/public/device.o
                0x0000213e                kbfun_jump_to_bootloader
 .text.numpad_toggle_numlock
                0x0000219e       0x10 lib/key-functions/public/special.o
 .text.kbfun_layer_pop_numpad
                0x000021ae        0xc lib/key-functions/public/special.o
                0x000021ae                kbfun_layer_pop_numpad
 .text.kbfun_layer_push_numpad
                0x000021ba       0x42 lib/key-functions/public/special.o
                0x000021ba                kbfun_layer_push_numpad
 .text.kbfun_2_keys_capslock_press_release
                0x000021fc       0xac lib/key-functions/public/special.o
                0x000021fc                kbfun_2_keys_capslock_press_release
 .text.kbfun_shift_press_release
                0x000022a8        0xa lib/key-functions/public/special.o
                0x000022a8                kbfun_shift_press_release
 .text.usb_init
                0x000022b2       0x2e lib-other/pjrc/usb_keyboard/usb_keyboard.o
                0x000022b2                usb_init
 .text.usb_configured
                0x000022e0        0x6 lib-other/pjrc/usb_keyboard/usb_keyboard.o
                0x000022e0                usb_configured
 .text.usb_keyboard_send
                0x000022e6       0x90 lib-other/pjrc/usb_keyboard/usb_keyboard.o
                0x000022e6                usb_keyboard_send
 .text.__vector_10
                0x00002376       0xd8 lib-other/pjrc/usb_keyboard/usb_keyboard.o
                0x00002376                __vector_10
 .text.__vector_11
                0x0000244e      0x314 lib-other/pjrc/usb_keyboard/usb_keyboard.o
                0x0000244e                __vector_11
 .text.usb_extra_send
                0x00002762       0x5c lib-other/pjrc/usb_keyboard/usb_keyboard.o
                0x00002762                usb_extra_send
 .text.usb_extra_consumer_send
                0x000027be       0x42 lib-other/pjrc/usb_keyboard/usb_keyboard.o
                0x000027be                usb_extra_consumer_send
                0x00002800                . = ALIGN (0x2)
 *(.fini9)
 .fini9         0x00002800        0x0 c:/winavr-20100110/bin/../lib/gcc/avr/4.3.3/avr5\libgcc.a(_exit.o)
                0x00002800                exit
                0x00002800                _exit
 *(.fini9)
 *(.fini8)
 *(.fini8)
 *(.fini7)
 *(.fini7)
 *(.fini6)
 *(.fini6)
 *(.fini5)
 *(.fini5)
 *(.fini4)
 *(.fini4)
 *(.fini3)
 *(.fini3)
 *(.fini2)
 *(.fini2)
 *(.fini1)
 *(.fini1)
 *(.fini0)
 .fini0         0x00002800        0x4 c:/winavr-20100110/bin/../lib/gcc/avr/4.3.3/avr5\libgcc.a(_exit.o)
 *(.fini0)
                0x00002804                _etext = .

.data           0x00800100       0x1a load address 0x00002804
                0x00800100                PROVIDE (__data_start, .)
 *(.data)
 *(.data*)
 .data.main_kb_is_pressed
                0x00800100        0x2 main.o
                0x00800100                main_kb_is_pressed
 .data.main_kb_was_pressed
                0x00800102        0x2 main.o
                0x00800102                main_kb_was_pressed
 .data.layers_ids_in_use
                0x00800104       0x14 main.o
                0x00800104                layers_ids_in_use
 .data.keyboard_idle_config
                0x00800118        0x1 lib-other/pjrc/usb_keyboard/usb_keyboard.o
 .data.keyboard_protocol
                0x00800119        0x1 lib-other/pjrc/usb_keyboard/usb_keyboard.o
 *(.rodata)
 *(.rodata*)
 *(.gnu.linkonce.d*)
                0x0080011a                . = ALIGN (0x2)
                0x0080011a                _edata = .
                0x0080011a                PROVIDE (__data_end, .)

.bss            0x0080011a      0x1b5
                0x0080011a                PROVIDE (__bss_start, .)
 *(.bss)
 *(.bss*)
 .bss.layers_head
                0x0080011a        0x1 main.o
                0x0080011a                layers_head
 .bss.main_kb_was_transparent
                0x0080011b       0x54 main.o
 .bss._main_kb_is_pressed
                0x0080016f       0x54 main.o
 .bss._main_kb_was_pressed
                0x008001c3       0x54 main.o
 .bss.layer_ids
                0x00800217        0xb lib/key-functions/public/basic.o
 .bss.rshift_pressed.1498
                0x00800222        0x1 lib/key-functions/public/special.o
 .bss.lshift_pressed.1497
                0x00800223        0x1 lib/key-functions/public/special.o
 .bss.keys_pressed.1496
                0x00800224        0x1 lib/key-functions/public/special.o
 .bss.numpad_layer_id
                0x00800225        0x1 lib/key-functions/public/special.o
 .bss.keyboard_modifier_keys
                0x00800226        0x1 lib-other/pjrc/usb_keyboard/usb_keyboard.o
                0x00800226                keyboard_modifier_keys
 .bss.keyboard_keys
                0x00800227        0x6 lib-other/pjrc/usb_keyboard/usb_keyboard.o
                0x00800227                keyboard_keys
 .bss.keyboard_leds
                0x0080022d        0x1 lib-other/pjrc/usb_keyboard/usb_keyboard.o
                0x0080022d                keyboard_leds
 .bss.usb_configuration
                0x0080022e        0x1 lib-other/pjrc/usb_keyboard/usb_keyboard.o
 .bss.keyboard_idle_count
                0x0080022f        0x1 lib-other/pjrc/usb_keyboard/usb_keyboard.o
 .bss.div4.1427
                0x00800230        0x1 lib-other/pjrc/usb_keyboard/usb_keyboard.o
 *(COMMON)
 COMMON         0x00800231       0x9a main.o
                0x00800231                main_loop_row
                0x00800232                main_arg_any_non_trans_key_pressed
                0x00800233                main_layers_pressed
                0x00800287                main_arg_row
                0x00800288                main_arg_layer
                0x00800289                layers
                0x008002c5                main_arg_was_pressed
                0x008002c6                main_arg_trans_key_pressed
                0x008002c7                main_arg_is_pressed
                0x008002c8                main_loop_col
                0x008002c9                main_arg_layer_offset
                0x008002ca                main_arg_col
 COMMON         0x008002cb        0x4 lib-other/pjrc/usb_keyboard/usb_keyboard.o
                0x008002cb                consumer_key
                0x008002cd                last_consumer_key
                0x008002cf                PROVIDE (__bss_end, .)
                0x00002804                __data_load_start = LOADADDR (.data)
                0x0000281e                __data_load_end = (__data_load_start + SIZEOF (.data))

.noinit         0x008002cf        0x0
                0x008002cf                PROVIDE (__noinit_start, .)
 *(.noinit*)
                0x008002cf                PROVIDE (__noinit_end, .)
                0x008002cf                _end = .
                0x008002cf                PROVIDE (__heap_start, .)

.eeprom         0x00810000        0x0
 *(.eeprom*)
                0x00810000                __eeprom_end = .

.fuse
 *(.fuse)
 *(.lfuse)
 *(.hfuse)
 *(.efuse)

.lock
 *(.lock*)

.signature
 *(.signature*)

.stab
 *(.stab)

.stabstr
 *(.stabstr)

.stab.excl
 *(.stab.excl)

.stab.exclstr
 *(.stab.exclstr)

.stab.index
 *(.stab.index)

.stab.indexstr
 *(.stab.indexstr)

.comment
 *(.comment)

.debug
 *(.debug)

.line
 *(.line)

.debug_srcinfo
 *(.debug_srcinfo)

.debug_sfnames
 *(.debug_sfnames)

.debug_aranges
 *(.debug_aranges)

.debug_pubnames
 *(.debug_pubnames)

.debug_info
 *(.debug_info)
 *(.gnu.linkonce.wi.*)

.debug_abbrev
 *(.debug_abbrev)

.debug_line
 *(.debug_line)

.debug_frame
 *(.debug_frame)

.debug_str
 *(.debug_str)

.debug_loc
 *(.debug_loc)

.debug_macinfo
 *(.debug_macinfo)
OUTPUT(firmware.elf elf32-avr)
LOAD linker stubs

Cross Reference Table

Symbol                                            File
__bad_interrupt                                   c:/winavr-20100110/bin/../lib/gcc/avr/4.3.3/../../../../avr/lib/avr5/crtm32u4.o
__bss_end                                         c:/winavr-20100110/bin/../lib/gcc/avr/4.3.3/avr5\libgcc.a(_clear_bss.o)
__bss_start                                       c:/winavr-20100110/bin/../lib/gcc/avr/4.3.3/avr5\libgcc.a(_clear_bss.o)
__data_end                                        c:/winavr-20100110/bin/../lib/gcc/avr/4.3.3/avr5\libgcc.a(_copy_data.o)
__data_load_start                                 c:/winavr-20100110/bin/../lib/gcc/avr/4.3.3/avr5\libgcc.a(_copy_data.o)
__data_start                                      c:/winavr-20100110/bin/../lib/gcc/avr/4.3.3/avr5\libgcc.a(_copy_data.o)
__do_clear_bss                                    c:/winavr-20100110/bin/../lib/gcc/avr/4.3.3/avr5\libgcc.a(_clear_bss.o)
                                                  lib-other/pjrc/usb_keyboard/usb_keyboard.o
                                                  lib/key-functions/public/special.o
                                                  lib/key-functions/public/basic.o
                                                  main.o
__do_copy_data                                    c:/winavr-20100110/bin/../lib/gcc/avr/4.3.3/avr5\libgcc.a(_copy_data.o)
                                                  lib-other/pjrc/usb_keyboard/usb_keyboard.o
                                                  lib/key-functions/private.o
                                                  main.o
__heap_end                                        c:/winavr-20100110/bin/../lib/gcc/avr/4.3.3/../../../../avr/lib/avr5/crtm32u4.o
__init                                            c:/winavr-20100110/bin/../lib/gcc/avr/4.3.3/../../../../avr/lib/avr5/crtm32u4.o
__stack                                           c:/winavr-20100110/bin/../lib/gcc/avr/4.3.3/../../../../avr/lib/avr5/crtm32u4.o
__vector_1                                        c:/winavr-20100110/bin/../lib/gcc/avr/4.3.3/../../../../avr/lib/avr5/crtm32u4.o
__vector_10                                       lib-other/pjrc/usb_keyboard/usb_keyboard.o
                                                  c:/winavr-20100110/bin/../lib/gcc/avr/4.3.3/../../../../avr/lib/avr5/crtm32u4.o
__vector_11                                       lib-other/pjrc/usb_keyboard/usb_keyboard.o
                                                  c:/winavr-20100110/bin/../lib/gcc/avr/4.3.3/../../../../avr/lib/avr5/crtm32u4.o
__vector_12                                       c:/winavr-20100110/bin/../lib/gcc/avr/4.3.3/../../../../avr/lib/avr5/crtm32u4.o
__vector_13                                       c:/winavr-20100110/bin/../lib/gcc/avr/4.3.3/../../../../avr/lib/avr5/crtm32u4.o
__vector_14                                       c:/winavr-20100110/bin/../lib/gcc/avr/4.3.3/../../../../avr/lib/avr5/crtm32u4.o
__vector_15                                       c:/winavr-20100110/bin/../lib/gcc/avr/4.3.3/../../../../avr/lib/avr5/crtm32u4.o
__vector_16                                       c:/winavr-20100110/bin/../lib/gcc/avr/4.3.3/../../../../avr/lib/avr5/crtm32u4.o
__vector_17                                       c:/winavr-20100110/bin/../lib/gcc/avr/4.3.3/../../../../avr/lib/avr5/crtm32u4.o
__vector_18                                       c:/winavr-20100110/bin/../lib/gcc/avr/4.3.3/../../../../avr/lib/avr5/crtm32u4.o
__vector_19                                       c:/winavr-20100110/bin/../lib/gcc/avr/4.3.3/../../../../avr/lib/avr5/crtm32u4.o
__vector_2                                        c:/winavr-20100110/bin/../lib/gcc/avr/4.3.3/../../../../avr/lib/avr5/crtm32u4.o
__vector_20                                       c:/winavr-20100110/bin/../lib/gcc/avr/4.3.3/../../../../avr/lib/avr5/crtm32u4.o
__vector_21                                       c:/winavr-20100110/bin/../lib/gcc/avr/4.3.3/../../../../avr/lib/avr5/crtm32u4.o
__vector_22                                       c:/winavr-20100110/bin/../lib/gcc/avr/4.3.3/../../../../avr/lib/avr5/crtm32u4.o
__vector_23                                       c:/winavr-20100110/bin/../lib/gcc/avr/4.3.3/../../../../avr/lib/avr5/crtm32u4.o
__vector_24                                       c:/winavr-20100110/bin/../lib/gcc/avr/4.3.3/../../../../avr/lib/avr5/crtm32u4.o
__vector_25                                       c:/winavr-20100110/bin/../lib/gcc/avr/4.3.3/../../../../avr/lib/avr5/crtm32u4.o
__vector_26                                       c:/winavr-20100110/bin/../lib/gcc/avr/4.3.3/../../../../avr/lib/avr5/crtm32u4.o
__vector_27                                       c:/winavr-20100110/bin/../lib/gcc/avr/4.3.3/../../../../avr/lib/avr5/crtm32u4.o
__vector_28                                       c:/winavr-20100110/bin/../lib/gcc/avr/4.3.3/../../../../avr/lib/avr5/crtm32u4.o
__vector_29                                       c:/winavr-20100110/bin/../lib/gcc/avr/4.3.3/../../../../avr/lib/avr5/crtm32u4.o
__vector_3                                        c:/winavr-20100110/bin/../lib/gcc/avr/4.3.3/../../../../avr/lib/avr5/crtm32u4.o
__vector_30                                       c:/winavr-20100110/bin/../lib/gcc/avr/4.3.3/../../../../avr/lib/avr5/crtm32u4.o
__vector_31                                       c:/winavr-20100110/bin/../lib/gcc/avr/4.3.3/../../../../avr/lib/avr5/crtm32u4.o
__vector_32                                       c:/winavr-20100110/bin/../lib/gcc/avr/4.3.3/../../../../avr/lib/avr5/crtm32u4.o
__vector_33                                       c:/winavr-20100110/bin/../lib/gcc/avr/4.3.3/../../../../avr/lib/avr5/crtm32u4.o
__vector_34                                       c:/winavr-20100110/bin/../lib/gcc/avr/4.3.3/../../../../avr/lib/avr5/crtm32u4.o
__vector_35                                       c:/winavr-20100110/bin/../lib/gcc/avr/4.3.3/../../../../avr/lib/avr5/crtm32u4.o
__vector_36                                       c:/winavr-20100110/bin/../lib/gcc/avr/4.3.3/../../../../avr/lib/avr5/crtm32u4.o
__vector_37                                       c:/winavr-20100110/bin/../lib/gcc/avr/4.3.3/../../../../avr/lib/avr5/crtm32u4.o
__vector_38                                       c:/winavr-20100110/bin/../lib/gcc/avr/4.3.3/../../../../avr/lib/avr5/crtm32u4.o
__vector_39                                       c:/winavr-20100110/bin/../lib/gcc/avr/4.3.3/../../../../avr/lib/avr5/crtm32u4.o
__vector_4                                        c:/winavr-20100110/bin/../lib/gcc/avr/4.3.3/../../../../avr/lib/avr5/crtm32u4.o
__vector_40                                       c:/winavr-20100110/bin/../lib/gcc/avr/4.3.3/../../../../avr/lib/avr5/crtm32u4.o
__vector_41                                       c:/winavr-20100110/bin/../lib/gcc/avr/4.3.3/../../../../avr/lib/avr5/crtm32u4.o
__vector_42                                       c:/winavr-20100110/bin/../lib/gcc/avr/4.3.3/../../../../avr/lib/avr5/crtm32u4.o
__vector_5                                        c:/winavr-20100110/bin/../lib/gcc/avr/4.3.3/../../../../avr/lib/avr5/crtm32u4.o
__vector_6                                        c:/winavr-20100110/bin/../lib/gcc/avr/4.3.3/../../../../avr/lib/avr5/crtm32u4.o
__vector_7                                        c:/winavr-20100110/bin/../lib/gcc/avr/4.3.3/../../../../avr/lib/avr5/crtm32u4.o
__vector_8                                        c:/winavr-20100110/bin/../lib/gcc/avr/4.3.3/../../../../avr/lib/avr5/crtm32u4.o
__vector_9                                        c:/winavr-20100110/bin/../lib/gcc/avr/4.3.3/../../../../avr/lib/avr5/crtm32u4.o
__vector_default                                  c:/winavr-20100110/bin/../lib/gcc/avr/4.3.3/../../../../avr/lib/avr5/crtm32u4.o
__vectors                                         c:/winavr-20100110/bin/../lib/gcc/avr/4.3.3/../../../../avr/lib/avr5/crtm32u4.o
_exit                                             c:/winavr-20100110/bin/../lib/gcc/avr/4.3.3/avr5\libgcc.a(_exit.o)
_kb_layout                                        keyboard/dactyl/layout/qwerty-kinesis-mod.o
                                                  lib/key-functions/public/special.o
                                                  lib/key-functions/public/basic.o
_kb_layout_press                                  keyboard/dactyl/layout/qwerty-kinesis-mod.o
                                                  main.o
_kb_layout_release                                keyboard/dactyl/layout/qwerty-kinesis-mod.o
                                                  main.o
_kbfun_is_pressed                                 lib/key-functions/private.o
                                                  lib/key-functions/public/special.o
                                                  lib/key-functions/public/basic.o
_kbfun_mediakey_press_release                     lib/key-functions/private.o
                                                  lib/key-functions/public/special.o
_kbfun_press_release                              lib/key-functions/private.o
                                                  lib/key-functions/public/special.o
                                                  lib/key-functions/public/basic.o
consumer_key                                      lib-other/pjrc/usb_keyboard/usb_keyboard.o
                                                  lib/key-functions/private.o
exit                                              c:/winavr-20100110/bin/../lib/gcc/avr/4.3.3/avr5\libgcc.a(_exit.o)
                                                  c:/winavr-20100110/bin/../lib/gcc/avr/4.3.3/../../../../avr/lib/avr5/crtm32u4.o
kb_init                                           keyboard/dactyl/controller.o
                                                  main.o
kb_update_matrix                                  keyboard/dactyl/controller.o
                                                  main.o
kbfun_2_keys_capslock_press_release               lib/key-functions/public/special.o
                                                  keyboard/dactyl/layout/qwerty-kinesis-mod.o
kbfun_jump_to_bootloader                          lib/key-functions/public/device.o
                                                  keyboard/dactyl/layout/qwerty-kinesis-mod.o
kbfun_layer_pop_1                                 lib/key-functions/public/basic.o
                                                  keyboard/dactyl/layout/qwerty-kinesis-mod.o
kbfun_layer_pop_10                                lib/key-functions/public/basic.o
                                                  keyboard/dactyl/layout/qwerty-kinesis-mod.o
kbfun_layer_pop_2                                 lib/key-functions/public/basic.o
                                                  keyboard/dactyl/layout/qwerty-kinesis-mod.o
kbfun_layer_pop_3                                 lib/key-functions/public/basic.o
                                                  keyboard/dactyl/layout/qwerty-kinesis-mod.o
kbfun_layer_pop_4                                 lib/key-functions/public/basic.o
                                                  keyboard/dactyl/layout/qwerty-kinesis-mod.o
kbfun_layer_pop_5                                 lib/key-functions/public/basic.o
                                                  keyboard/dactyl/layout/qwerty-kinesis-mod.o
kbfun_layer_pop_6                                 lib/key-functions/public/basic.o
                                                  keyboard/dactyl/layout/qwerty-kinesis-mod.o
kbfun_layer_pop_7                                 lib/key-functions/public/basic.o
                                                  keyboard/dactyl/layout/qwerty-kinesis-mod.o
kbfun_layer_pop_8                                 lib/key-functions/public/basic.o
                                                  keyboard/dactyl/layout/qwerty-kinesis-mod.o
kbfun_layer_pop_9                                 lib/key-functions/public/basic.o
                                                  keyboard/dactyl/layout/qwerty-kinesis-mod.o
kbfun_layer_pop_numpad                            lib/key-functions/public/special.o
                                                  keyboard/dactyl/layout/qwerty-kinesis-mod.o
kbfun_layer_push_1                                lib/key-functions/public/basic.o
                                                  keyboard/dactyl/layout/qwerty-kinesis-mod.o
kbfun_layer_push_10                               lib/key-functions/public/basic.o
                                                  keyboard/dactyl/layout/qwerty-kinesis-mod.o
kbfun_layer_push_2                                lib/key-functions/public/basic.o
                                                  keyboard/dactyl/layout/qwerty-kinesis-mod.o
kbfun_layer_push_3                                lib/key-functions/public/basic.o
                                                  keyboard/dactyl/layout/qwerty-kinesis-mod.o
kbfun_layer_push_4                                lib/key-functions/public/basic.o
                                                  keyboard/dactyl/layout/qwerty-kinesis-mod.o
kbfun_layer_push_5                                lib/key-functions/public/basic.o
                                                  keyboard/dactyl/layout/qwerty-kinesis-mod.o
kbfun_layer_push_6                                lib/key-functions/public/basic.o
                                                  keyboard/dactyl/layout/qwerty-kinesis-mod.o
kbfun_layer_push_7                                lib/key-functions/public/basic.o
                                                  keyboard/dactyl/layout/qwerty-kinesis-mod.o
kbfun_layer_push_8                                lib/key-functions/public/basic.o
                                                  keyboard/dactyl/layout/qwerty-kinesis-mod.o
kbfun_layer_push_9                                lib/key-functions/public/basic.o
                                                  keyboard/dactyl/layout/qwerty-kinesis-mod.o
kbfun_layer_push_numpad                           lib/key-functions/public/special.o
                                                  keyboard/dactyl/layout/qwerty-kinesis-mod.o
kbfun_layer_sticky_1                              lib/key-functions/public/basic.o
kbfun_layer_sticky_10                             lib/key-functions/public/basic.o
kbfun_layer_sticky_2                              lib/key-functions/public/basic.o
kbfun_layer_sticky_3                              lib/key-functions/public/basic.o
kbfun_layer_sticky_4                              lib/key-functions/public/basic.o
kbfun_layer_sticky_5                              lib/key-functions/public/basic.o
kbfun_layer_sticky_6                              lib/key-functions/public/basic.o
kbfun_layer_sticky_7                              lib/key-functions/public/basic.o
kbfun_layer_sticky_8                              lib/key-functions/public/basic.o
kbfun_layer_sticky_9                              lib/key-functions/public/basic.o
kbfun_layer_toggle_1                              lib/key-functions/public/basic.o
kbfun_layer_toggle_10                             lib/key-functions/public/basic.o
kbfun_layer_toggle_2                              lib/key-functions/public/basic.o
kbfun_layer_toggle_3                              lib/key-functions/public/basic.o
kbfun_layer_toggle_4                              lib/key-functions/public/basic.o
kbfun_layer_toggle_5                              lib/key-functions/public/basic.o
kbfun_layer_toggle_6                              lib/key-functions/public/basic.o
kbfun_layer_toggle_7                              lib/key-functions/public/basic.o
kbfun_layer_toggle_8                              lib/key-functions/public/basic.o
kbfun_layer_toggle_9                              lib/key-functions/public/basic.o
kbfun_mediakey_press_release                      lib/key-functions/public/special.o
kbfun_press_release                               lib/key-functions/public/basic.o
                                                  lib/key-functions/public/special.o
                                                  keyboard/dactyl/layout/qwerty-kinesis-mod.o
kbfun_press_release_preserve_sticky               lib/key-functions/public/basic.o
kbfun_shift_press_release                         lib/key-functions/public/special.o
                                                  keyboard/dactyl/layout/qwerty-kinesis-mod.o
kbfun_toggle                                      lib/key-functions/public/basic.o
                                                  keyboard/dactyl/layout/qwerty-kinesis-mod.o
kbfun_transparent                                 lib/key-functions/public/basic.o
                                                  keyboard/dactyl/layout/qwerty-kinesis-mod.o
keyboard_keys                                     lib-other/pjrc/usb_keyboard/usb_keyboard.o
                                                  lib/key-functions/private.o
keyboard_leds                                     lib-other/pjrc/usb_keyboard/usb_keyboard.o
                                                  main.o
keyboard_modifier_keys                            lib-other/pjrc/usb_keyboard/usb_keyboard.o
                                                  lib/key-functions/private.o
last_consumer_key                                 lib-other/pjrc/usb_keyboard/usb_keyboard.o
layers                                            main.o
layers_head                                       main.o
layers_ids_in_use                                 main.o
main                                              main.o
                                                  c:/winavr-20100110/bin/../lib/gcc/avr/4.3.3/../../../../avr/lib/avr5/crtm32u4.o
main_arg_any_non_trans_key_pressed                lib/key-functions/public/basic.o
                                                  main.o
main_arg_col                                      lib/key-functions/public/special.o
                                                  lib/key-functions/public/basic.o
                                                  main.o
main_arg_is_pressed                               lib/key-functions/public/special.o
                                                  lib/key-functions/public/basic.o
                                                  main.o
main_arg_layer                                    lib/key-functions/public/special.o
                                                  lib/key-functions/public/basic.o
                                                  main.o
main_arg_layer_offset                             lib/key-functions/public/basic.o
                                                  main.o
main_arg_row                                      lib/key-functions/public/special.o
                                                  lib/key-functions/public/basic.o
                                                  main.o
main_arg_trans_key_pressed                        lib/key-functions/public/basic.o
                                                  main.o
main_arg_was_pressed                              main.o
main_exec_key                                     main.o
                                                  lib/key-functions/public/basic.o
main_kb_is_pressed                                main.o
main_kb_was_pressed                               main.o
main_layers_peek                                  main.o
                                                  lib/key-functions/public/basic.o
main_layers_peek_sticky                           main.o
                                                  lib/key-functions/public/basic.o
main_layers_pop_id                                main.o
                                                  lib/key-functions/public/special.o
                                                  lib/key-functions/public/basic.o
main_layers_pressed                               lib/key-functions/public/basic.o
                                                  main.o
main_layers_push                                  main.o
                                                  lib/key-functions/public/special.o
                                                  lib/key-functions/public/basic.o
main_loop_col                                     main.o
main_loop_row                                     main.o
mcp23018_init                                     keyboard/dactyl/controller/mcp23018.o
                                                  keyboard/dactyl/controller.o
mcp23018_update_matrix                            keyboard/dactyl/controller/mcp23018.o
                                                  keyboard/dactyl/controller.o
teensy_init                                       keyboard/dactyl/controller/teensy-2-0.o
                                                  keyboard/dactyl/controller.o
teensy_update_matrix                              keyboard/dactyl/controller/teensy-2-0.o
                                                  keyboard/dactyl/controller.o
twi_init                                          lib/twi/teensy-2-0.o
                                                  keyboard/dactyl/controller/teensy-2-0.o
twi_read                                          lib/twi/teensy-2-0.o
                                                  keyboard/dactyl/controller/mcp23018.o
twi_send                                          lib/twi/teensy-2-0.o
                                                  keyboard/dactyl/controller/mcp23018.o
twi_start                                         lib/twi/teensy-2-0.o
                                                  keyboard/dactyl/controller/mcp23018.o
twi_stop                                          lib/twi/teensy-2-0.o
                                                  keyboard/dactyl/controller/mcp23018.o
usb_configured                                    lib-other/pjrc/usb_keyboard/usb_keyboard.o
                                                  main.o
usb_extra_consumer_send                           lib-other/pjrc/usb_keyboard/usb_keyboard.o
                                                  main.o
usb_extra_send                                    lib-other/pjrc/usb_keyboard/usb_keyboard.o
usb_init                                          lib-other/pjrc/usb_keyboard/usb_keyboard.o
                                                  main.o
usb_keyboard_press                                lib-other/pjrc/usb_keyboard/usb_keyboard.o
usb_keyboard_send                                 lib-other/pjrc/usb_keyboard/usb_keyboard.o
                                                  lib/key-functions/public/special.o
                                                  main.o
